Archive member included to satisfy reference by file (symbol)

c:/st/stm32cubeide_1.9.0/stm32cubeide/plugins/com.st.stm32cube.ide.mcu.externaltools.gnu-tools-for-stm32.10.3-2021.10.win32_1.0.0.202111181127/tools/bin/../lib/gcc/arm-none-eabi/10.3.1/../../../../arm-none-eabi/lib/thumb/v7e-m+fp/hard\libc_nano.a(lib_a-errno.o)
                              ./Core/Src/syscalls.o (__errno)
c:/st/stm32cubeide_1.9.0/stm32cubeide/plugins/com.st.stm32cube.ide.mcu.externaltools.gnu-tools-for-stm32.10.3-2021.10.win32_1.0.0.202111181127/tools/bin/../lib/gcc/arm-none-eabi/10.3.1/../../../../arm-none-eabi/lib/thumb/v7e-m+fp/hard\libc_nano.a(lib_a-exit.o)
                              c:/st/stm32cubeide_1.9.0/stm32cubeide/plugins/com.st.stm32cube.ide.mcu.externaltools.gnu-tools-for-stm32.10.3-2021.10.win32_1.0.0.202111181127/tools/bin/../lib/gcc/arm-none-eabi/10.3.1/../../../../arm-none-eabi/lib/thumb/v7e-m+fp/hard/crt0.o (exit)
c:/st/stm32cubeide_1.9.0/stm32cubeide/plugins/com.st.stm32cube.ide.mcu.externaltools.gnu-tools-for-stm32.10.3-2021.10.win32_1.0.0.202111181127/tools/bin/../lib/gcc/arm-none-eabi/10.3.1/../../../../arm-none-eabi/lib/thumb/v7e-m+fp/hard\libc_nano.a(lib_a-impure.o)
                              c:/st/stm32cubeide_1.9.0/stm32cubeide/plugins/com.st.stm32cube.ide.mcu.externaltools.gnu-tools-for-stm32.10.3-2021.10.win32_1.0.0.202111181127/tools/bin/../lib/gcc/arm-none-eabi/10.3.1/../../../../arm-none-eabi/lib/thumb/v7e-m+fp/hard\libc_nano.a(lib_a-exit.o) (_global_impure_ptr)
c:/st/stm32cubeide_1.9.0/stm32cubeide/plugins/com.st.stm32cube.ide.mcu.externaltools.gnu-tools-for-stm32.10.3-2021.10.win32_1.0.0.202111181127/tools/bin/../lib/gcc/arm-none-eabi/10.3.1/../../../../arm-none-eabi/lib/thumb/v7e-m+fp/hard\libc_nano.a(lib_a-init.o)
                              c:/st/stm32cubeide_1.9.0/stm32cubeide/plugins/com.st.stm32cube.ide.mcu.externaltools.gnu-tools-for-stm32.10.3-2021.10.win32_1.0.0.202111181127/tools/bin/../lib/gcc/arm-none-eabi/10.3.1/../../../../arm-none-eabi/lib/thumb/v7e-m+fp/hard/crt0.o (__libc_init_array)
c:/st/stm32cubeide_1.9.0/stm32cubeide/plugins/com.st.stm32cube.ide.mcu.externaltools.gnu-tools-for-stm32.10.3-2021.10.win32_1.0.0.202111181127/tools/bin/../lib/gcc/arm-none-eabi/10.3.1/../../../../arm-none-eabi/lib/thumb/v7e-m+fp/hard\libc_nano.a(lib_a-memcpy-stub.o)
                              ./Core/Src/button_press_check.o (memcpy)
c:/st/stm32cubeide_1.9.0/stm32cubeide/plugins/com.st.stm32cube.ide.mcu.externaltools.gnu-tools-for-stm32.10.3-2021.10.win32_1.0.0.202111181127/tools/bin/../lib/gcc/arm-none-eabi/10.3.1/../../../../arm-none-eabi/lib/thumb/v7e-m+fp/hard\libc_nano.a(lib_a-memset.o)
                              c:/st/stm32cubeide_1.9.0/stm32cubeide/plugins/com.st.stm32cube.ide.mcu.externaltools.gnu-tools-for-stm32.10.3-2021.10.win32_1.0.0.202111181127/tools/bin/../lib/gcc/arm-none-eabi/10.3.1/../../../../arm-none-eabi/lib/thumb/v7e-m+fp/hard/crt0.o (memset)
c:/st/stm32cubeide_1.9.0/stm32cubeide/plugins/com.st.stm32cube.ide.mcu.externaltools.gnu-tools-for-stm32.10.3-2021.10.win32_1.0.0.202111181127/tools/bin/../lib/gcc/arm-none-eabi/10.3.1/../../../../arm-none-eabi/lib/thumb/v7e-m+fp/hard\libc_nano.a(lib_a-nano-vfprintf_float.o)
                              (_printf_float)
c:/st/stm32cubeide_1.9.0/stm32cubeide/plugins/com.st.stm32cube.ide.mcu.externaltools.gnu-tools-for-stm32.10.3-2021.10.win32_1.0.0.202111181127/tools/bin/../lib/gcc/arm-none-eabi/10.3.1/../../../../arm-none-eabi/lib/thumb/v7e-m+fp/hard\libc_nano.a(lib_a-nano-vfprintf_i.o)
                              c:/st/stm32cubeide_1.9.0/stm32cubeide/plugins/com.st.stm32cube.ide.mcu.externaltools.gnu-tools-for-stm32.10.3-2021.10.win32_1.0.0.202111181127/tools/bin/../lib/gcc/arm-none-eabi/10.3.1/../../../../arm-none-eabi/lib/thumb/v7e-m+fp/hard\libc_nano.a(lib_a-nano-vfprintf_float.o) (_printf_common)
c:/st/stm32cubeide_1.9.0/stm32cubeide/plugins/com.st.stm32cube.ide.mcu.externaltools.gnu-tools-for-stm32.10.3-2021.10.win32_1.0.0.202111181127/tools/bin/../lib/gcc/arm-none-eabi/10.3.1/../../../../arm-none-eabi/lib/thumb/v7e-m+fp/hard\libc_nano.a(lib_a-sprintf.o)
                              ./Core/Src/button_press_check.o (sprintf)
c:/st/stm32cubeide_1.9.0/stm32cubeide/plugins/com.st.stm32cube.ide.mcu.externaltools.gnu-tools-for-stm32.10.3-2021.10.win32_1.0.0.202111181127/tools/bin/../lib/gcc/arm-none-eabi/10.3.1/../../../../arm-none-eabi/lib/thumb/v7e-m+fp/hard\libc_nano.a(lib_a-strcpy.o)
                              ./Core/Src/gas_sensor.o (strcpy)
c:/st/stm32cubeide_1.9.0/stm32cubeide/plugins/com.st.stm32cube.ide.mcu.externaltools.gnu-tools-for-stm32.10.3-2021.10.win32_1.0.0.202111181127/tools/bin/../lib/gcc/arm-none-eabi/10.3.1/../../../../arm-none-eabi/lib/thumb/v7e-m+fp/hard\libc_nano.a(lib_a-strlen.o)
[...]
Memory Configuration

Name             Origin             Length             Attributes
CCMRAM           0x0000000010000000 0x0000000000002000 xrw
RAM              0x0000000020000000 0x0000000000008000 xrw
FLASH            0x0000000008000000 0x0000000000020000 xr
*default*        0x0000000000000000 0xffffffffffffffff

Linker script and memory map

LOAD c:/st/stm32cubeide_1.9.0/stm32cubeide/plugins/com.st.stm32cube.ide.mcu.externaltools.gnu-tools-for-stm32.10.3-2021.10.win32_1.0.0.202111181127/tools/bin/../lib/gcc/arm-none-eabi/10.3.1/thumb/v7e-m+fp/hard/crti.o
LOAD c:/st/stm32cubeide_1.9.0/stm32cubeide/plugins/com.st.stm32cube.ide.mcu.externaltools.gnu-tools-for-stm32.10.3-2021.10.win32_1.0.0.202111181127/tools/bin/../lib/gcc/arm-none-eabi/10.3.1/thumb/v7e-m+fp/hard/crtbegin.o
LOAD c:/st/stm32cubeide_1.9.0/stm32cubeide/plugins/com.st.stm32cube.ide.mcu.externaltools.gnu-tools-for-stm32.10.3-2021.10.win32_1.0.0.202111181127/tools/bin/../lib/gcc/arm-none-eabi/10.3.1/../../../../arm-none-eabi/lib/thumb/v7e-m+fp/hard/crt0.o
LOAD ./Core/Src/button_press_check.o
LOAD ./Core/Src/gas_sensor.o
LOAD ./Core/Src/main.o
LOAD ./Core/Src/sensors_in.o
LOAD ./Core/Src/stm32f3xx_hal_msp.o
LOAD ./Core/Src/stm32f3xx_it.o
LOAD ./Core/Src/syscalls.o
LOAD ./Core/Src/sysmem.o
LOAD ./Core/Src/system_stm32f3xx.o
LOAD ./Core/Src/windows_drawer.o
LOAD ./Core/Startup/startup_stm32f303rbtx.o
LOAD ./Drivers/STM32F3xx_HAL_Driver/Src/stm32f3xx_hal.o
LOAD ./Drivers/STM32F3xx_HAL_Driver/Src/stm32f3xx_hal_adc.o
LOAD ./Drivers/STM32F3xx_HAL_Driver/Src/stm32f3xx_hal_adc_ex.o
LOAD ./Drivers/STM32F3xx_HAL_Driver/Src/stm32f3xx_hal_cortex.o
LOAD ./Drivers/STM32F3xx_HAL_Driver/Src/stm32f3xx_hal_dma.o
LOAD ./Drivers/STM32F3xx_HAL_Driver/Src/stm32f3xx_hal_exti.o
LOAD ./Drivers/STM32F3xx_HAL_Driver/Src/stm32f3xx_hal_flash.o
LOAD ./Drivers/STM32F3xx_HAL_Driver/Src/stm32f3xx_hal_flash_ex.o
LOAD ./Drivers/STM32F3xx_HAL_Driver/Src/stm32f3xx_hal_gpio.o
LOAD ./Drivers/STM32F3xx_HAL_Driver/Src/stm32f3xx_hal_i2c.o
LOAD ./Drivers/STM32F3xx_HAL_Driver/Src/stm32f3xx_hal_i2c_ex.o
LOAD ./Drivers/STM32F3xx_HAL_Driver/Src/stm32f3xx_hal_pwr.o
LOAD ./Drivers/STM32F3xx_HAL_Driver/Src/stm32f3xx_hal_pwr_ex.o
LOAD ./Drivers/STM32F3xx_HAL_Driver/Src/stm32f3xx_hal_rcc.o
LOAD ./Drivers/STM32F3xx_HAL_Driver/Src/stm32f3xx_hal_rcc_ex.o
LOAD ./Drivers/STM32F3xx_HAL_Driver/Src/stm32f3xx_hal_spi.o
LOAD ./Drivers/STM32F3xx_HAL_Driver/Src/stm32f3xx_hal_spi_ex.o
LOAD ./Drivers/STM32F3xx_HAL_Driver/Src/stm32f3xx_hal_tim.o
LOAD ./Drivers/STM32F3xx_HAL_Driver/Src/stm32f3xx_hal_tim_ex.o
LOAD ./Drivers/STM32F3xx_HAL_Driver/Src/stm32f3xx_hal_uart.o
LOAD ./Drivers/STM32F3xx_HAL_Driver/Src/stm32f3xx_hal_uart_ex.o
LOAD ./Modules/Button/button.o
LOAD ./Modules/LCD/Fonts/font12.o
LOAD ./Modules/LCD/Fonts/font16.o
LOAD ./Modules/LCD/Fonts/font20.o
LOAD ./Modules/LCD/Fonts/font20_rus.o
LOAD ./Modules/LCD/Fonts/font24.o
LOAD ./Modules/LCD/Fonts/font8.o
LOAD ./Modules/LCD/Fonts/font_arial_20.o
LOAD ./Modules/LCD/ili9488.o
LOAD ./Modules/LCD/lcd_io_spi.o
LOAD ./Modules/LCD/stm32_adafruit_lcd.o
START GROUP
LOAD c:/st/stm32cubeide_1.9.0/stm32cubeide/plugins/com.st.stm32cube.ide.mcu.externaltools.gnu-tools-for-stm32.10.3-2021.10.win32_1.0.0.202111181127/tools/bin/../lib/gcc/arm-none-eabi/10.3.1/../../../../arm-none-eabi/lib/thumb/v7e-m+fp/hard\libc_nano.a
LOAD c:/st/stm32cubeide_1.9.0/stm32cubeide/plugins/com.st.stm32cube.ide.mcu.externaltools.gnu-tools-for-stm32.10.3-2021.10.win32_1.0.0.202111181127/tools/bin/../lib/gcc/arm-none-eabi/10.3.1/../../../../arm-none-eabi/lib/thumb/v7e-m+fp/hard\libm.a
END GROUP
START GROUP
LOAD c:/st/stm32cubeide_1.9.0/stm32cubeide/plugins/com.st.stm32cube.ide.mcu.externaltools.gnu-tools-for-stm32.10.3-2021.10.win32_1.0.0.202111181127/tools/bin/../lib/gcc/arm-none-eabi/10.3.1/thumb/v7e-m+fp/hard\libgcc.a
LOAD c:/st/stm32cubeide_1.9.0/stm32cubeide/plugins/com.st.stm32cube.ide.mcu.externaltools.gnu-tools-for-stm32.10.3-2021.10.win32_1.0.0.202111181127/tools/bin/../lib/gcc/arm-none-eabi/10.3.1/../../../../arm-none-eabi/lib/thumb/v7e-m+fp/hard\libc_nano.a
END GROUP
START GROUP
LOAD c:/st/stm32cubeide_1.9.0/stm32cubeide/plugins/com.st.stm32cube.ide.mcu.externaltools.gnu-tools-for-stm32.10.3-2021.10.win32_1.0.0.202111181127/tools/bin/../lib/gcc/arm-none-eabi/10.3.1/thumb/v7e-m+fp/hard\libgcc.a
LOAD c:/st/stm32cubeide_1.9.0/stm32cubeide/plugins/com.st.stm32cube.ide.mcu.externaltools.gnu-tools-for-stm32.10.3-2021.10.win32_1.0.0.202111181127/tools/bin/../lib/gcc/arm-none-eabi/10.3.1/../../../../arm-none-eabi/lib/thumb/v7e-m+fp/hard\libc_nano.a
LOAD c:/st/stm32cubeide_1.9.0/stm32cubeide/plugins/com.st.stm32cube.ide.mcu.externaltools.gnu-tools-for-stm32.10.3-2021.10.win32_1.0.0.202111181127/tools/bin/../lib/gcc/arm-none-eabi/10.3.1/../../../../arm-none-eabi/lib/thumb/v7e-m+fp/hard\libnosys.a
END GROUP
START GROUP
LOAD c:/st/stm32cubeide_1.9.0/stm32cubeide/plugins/com.st.stm32cube.ide.mcu.externaltools.gnu-tools-for-stm32.10.3-2021.10.win32_1.0.0.202111181127/tools/bin/../lib/gcc/arm-none-eabi/10.3.1/thumb/v7e-m+fp/hard\libgcc.a
LOAD c:/st/stm32cubeide_1.9.0/stm32cubeide/plugins/com.st.stm32cube.ide.mcu.externaltools.gnu-tools-for-stm32.10.3-2021.10.win32_1.0.0.202111181127/tools/bin/../lib/gcc/arm-none-eabi/10.3.1/../../../../arm-none-eabi/lib/thumb/v7e-m+fp/hard\libc_nano.a
LOAD c:/st/stm32cubeide_1.9.0/stm32cubeide/plugins/com.st.stm32cube.ide.mcu.externaltools.gnu-tools-for-stm32.10.3-2021.10.win32_1.0.0.202111181127/tools/bin/../lib/gcc/arm-none-eabi/10.3.1/../../../../arm-none-eabi/lib/thumb/v7e-m+fp/hard\libnosys.a
END GROUP
LOAD c:/st/stm32cubeide_1.9.0/stm32cubeide/plugins/com.st.stm32cube.ide.mcu.externaltools.gnu-tools-for-stm32.10.3-2021.10.win32_1.0.0.202111181127/tools/bin/../lib/gcc/arm-none-eabi/10.3.1/thumb/v7e-m+fp/hard/crtend.o
LOAD c:/st/stm32cubeide_1.9.0/stm32cubeide/plugins/com.st.stm32cube.ide.mcu.externaltools.gnu-tools-for-stm32.10.3-2021.10.win32_1.0.0.202111181127/tools/bin/../lib/gcc/arm-none-eabi/10.3.1/thumb/v7e-m+fp/hard/crtn.o
                0x0000000020008000                _estack = (ORIGIN (RAM) + LENGTH (RAM))
                0x0000000000000200                _Min_Heap_Size = 0x200
                0x0000000000000400                _Min_Stack_Size = 0x400

.isr_vector     0x0000000008000000      0x188
                0x0000000008000000                . = ALIGN (0x4)
 *(.isr_vector)
 .isr_vector    0x0000000008000000      0x188 ./Core/Startup/startup_stm32f303rbtx.o
                0x0000000008000000                g_pfnVectors
                0x0000000008000188                . = ALIGN (0x4)

.text           0x0000000008000190     0xeddc
                0x0000000008000190                . = ALIGN (0x4)
 *(.text)
 .text          0x0000000008000190       0x40 c:/st/stm32cubeide_1.9.0/stm32cubeide/plugins/com.st.stm32cube.ide.mcu.externaltools.gnu-tools-for-stm32.10.3-2021.10.win32_1.0.0.202111181127/tools/bin/../lib/gcc/arm-none-eabi/10.3.1/thumb/v7e-m+fp/hard/crtbegin.o
 .text          0x00000000080001d0       0x10 c:/st/stm32cubeide_1.9.0/stm32cubeide/plugins/com.st.stm32cube.ide.mcu.externaltools.gnu-tools-for-stm32.10.3-2021.10.win32_1.0.0.202111181127/tools/bin/../lib/gcc/arm-none-eabi/10.3.1/../../../../arm-none-eabi/lib/thumb/v7e-m+fp/hard\libc_nano.a(lib_a-strlen.o)
                0x00000000080001d0                strlen
 .text          0x00000000080001e0       0xa0 c:/st/stm32cubeide_1.9.0/stm32cubeide/plugins/com.st.stm32cube.ide.mcu.externaltools.gnu-tools-for-stm32.10.3-2021.10.win32_1.0.0.202111181127/tools/bin/../lib/gcc/arm-none-eabi/10.3.1/../../../../arm-none-eabi/lib/thumb/v7e-m+fp/hard\libc_nano.a(lib_a-memchr.o)
                0x00000000080001e0                memchr
 .text          0x0000000008000280      0x378 c:/st/stm32cubeide_1.9.0/stm32cubeide/plugins/com.st.stm32cube.ide.mcu.externaltools.gnu-tools-for-stm32.10.3-2021.10.win32_1.0.0.202111181127/tools/bin/../lib/gcc/arm-none-eabi/10.3.1/thumb/v7e-m+fp/hard\libgcc.a(_arm_addsubdf3.o)
                0x0000000008000280                __aeabi_drsub
                0x0000000008000288                __aeabi_dsub
                0x0000000008000288                __subdf3
                0x000000000800028c                __aeabi_dadd
                0x000000000800028c                __adddf3
                0x0000000008000504                __floatunsidf
                0x0000000008000504                __aeabi_ui2d
                0x0000000008000524                __floatsidf
                0x0000000008000524                __aeabi_i2d
                0x0000000008000548                __aeabi_f2d
                0x0000000008000548                __extendsfdf2
                0x000000000800058c                __floatundidf
                0x000000000800058c                __aeabi_ul2d
                0x000000000800059c                __floatdidf
                0x000000000800059c                __aeabi_l2d
 .text          0x00000000080005f8      0x424 c:/st/stm32cubeide_1.9.0/stm32cubeide/plugins/com.st.stm32cube.ide.mcu.externaltools.gnu-tools-for-stm32.10.3-2021.10.win32_1.0.0.202111181127/tools/bin/../lib/gcc/arm-none-eabi/10.3.1/thumb/v7e-m+fp/hard\libgcc.a(_arm_muldivdf3.o)
                0x00000000080005f8                __aeabi_dmul
                0x00000000080005f8                __muldf3
                0x000000000800084c                __divdf3
                0x000000000800084c                __aeabi_ddiv
 .text          0x0000000008000a1c      0x110 c:/st/stm32cubeide_1.9.0/stm32cubeide/plugins/com.st.stm32cube.ide.mcu.externaltools.gnu-tools-for-stm32.10.3-2021.10.win32_1.0.0.202111181127/tools/bin/../lib/gcc/arm-none-eabi/10.3.1/thumb/v7e-m+fp/hard\libgcc.a(_arm_cmpdf2.o)
                0x0000000008000a1c                __gtdf2
                0x0000000008000a1c                __gedf2
                0x0000000008000a24                __ltdf2
                0x0000000008000a24                __ledf2
                0x0000000008000a2c                __nedf2
                0x0000000008000a2c                __eqdf2
                0x0000000008000a2c                __cmpdf2
                0x0000000008000aa8                __aeabi_cdrcmple
                0x0000000008000ab8                __aeabi_cdcmpeq
                0x0000000008000ab8                __aeabi_cdcmple
                0x0000000008000ac8                __aeabi_dcmpeq
                0x0000000008000adc                __aeabi_dcmplt
                0x0000000008000af0                __aeabi_dcmple
                0x0000000008000b04                __aeabi_dcmpge
                0x0000000008000b18                __aeabi_dcmpgt
 .text          0x0000000008000b2c       0x2c c:/st/stm32cubeide_1.9.0/stm32cubeide/plugins/com.st.stm32cube.ide.mcu.externaltools.gnu-tools-for-stm32.10.3-2021.10.win32_1.0.0.202111181127/tools/bin/../lib/gcc/arm-none-eabi/10.3.1/thumb/v7e-m+fp/hard\libgcc.a(_arm_unorddf2.o)
                0x0000000008000b2c                __unorddf2
                0x0000000008000b2c                __aeabi_dcmpun
 .text          0x0000000008000b58       0x50 c:/st/stm32cubeide_1.9.0/stm32cubeide/plugins/com.st.stm32cube.ide.mcu.externaltools.gnu-tools-for-stm32.10.3-2021.10.win32_1.0.0.202111181127/tools/bin/../lib/gcc/arm-none-eabi/10.3.1/thumb/v7e-m+fp/hard\libgcc.a(_arm_fixdfsi.o)
                0x0000000008000b58                __aeabi_d2iz
                0x0000000008000b58                __fixdfsi
 .text          0x0000000008000ba8       0xa0 c:/st/stm32cubeide_1.9.0/stm32cubeide/plugins/com.st.stm32cube.ide.mcu.externaltools.gnu-tools-for-stm32.10.3-2021.10.win32_1.0.0.202111181127/tools/bin/../lib/gcc/arm-none-eabi/10.3.1/thumb/v7e-m+fp/hard\libgcc.a(_arm_truncdfsf2.o)
                0x0000000008000ba8                __truncdfsf2
                0x0000000008000ba8                __aeabi_d2f
 *(.text*)
 .text.button_led_init
                0x0000000008000c48       0x40 ./Core/Src/button_press_check.o
                0x0000000008000c48                button_led_init
 .text.button_on
                0x0000000008000c88       0x28 ./Core/Src/button_press_check.o
                0x0000000008000c88                button_on
 .text.button_off
                0x0000000008000cb0       0x5c ./Core/Src/button_press_check.o
                0x0000000008000cb0                button_off
 .text.button_check
                0x0000000008000d0c      0x304 ./Core/Src/button_press_check.o
                0x0000000008000d0c                button_check
 .text.setGasType
                0x0000000008001010       0x60 ./Core/Src/gas_sensor.o
                0x0000000008001010                setGasType
 .text.get_both
                0x0000000008001070       0xa4 ./Core/Src/gas_sensor.o
                0x0000000008001070                get_both
 .text.calOxy   0x0000000008001114       0x74 ./Core/Src/gas_sensor.o
                0x0000000008001114                calOxy
 .text.sum_check
                0x0000000008001188       0x54 ./Core/Src/gas_sensor.o
                0x0000000008001188                sum_check
 .text.main     0x00000000080011dc      0x4b0 ./Core/Src/main.o
                0x00000000080011dc                main
 .text.SystemClock_Config
                0x000000000800168c       0xbc ./Core/Src/main.o
                0x000000000800168c                SystemClock_Config
 .text.MX_ADC1_Init
                0x0000000008001748      0x124 ./Core/Src/main.o
 .text.MX_I2C1_Init
                0x000000000800186c       0x80 ./Core/Src/main.o
 .text.MX_SPI1_Init
                0x00000000080018ec       0x7c ./Core/Src/main.o
 .text.MX_SPI2_Init
                0x0000000008001968       0x7c ./Core/Src/main.o
 .text.MX_TIM3_Init
                0x00000000080019e4       0xb4 ./Core/Src/main.o
 .text.MX_TIM6_Init
                0x0000000008001a98       0x70 ./Core/Src/main.o
 .text.MX_TIM7_Init
                0x0000000008001b08       0x6c ./Core/Src/main.o
 .text.MX_TIM8_Init
                0x0000000008001b74      0x120 ./Core/Src/main.o
 .text.MX_TIM15_Init
                0x0000000008001c94       0xa4 ./Core/Src/main.o
 .text.MX_USART2_UART_Init
                0x0000000008001d38       0x60 ./Core/Src/main.o
 .text.MX_GPIO_Init
                0x0000000008001d98      0x174 ./Core/Src/main.o
 .text.HAL_TIM_PeriodElapsedCallback
                0x0000000008001f0c      0x134 ./Core/Src/main.o
                0x0000000008001f0c                HAL_TIM_PeriodElapsedCallback
 .text.Error_Handler
                0x0000000008002040        0xa ./Core/Src/main.o
                0x0000000008002040                Error_Handler
 *fill*         0x000000000800204a        0x6 
 .text.co2_adc  0x0000000008002050       0x8c ./Core/Src/sensors_in.o
                0x0000000008002050                co2_adc
 .text.crc16    0x00000000080020dc       0x80 ./Core/Src/sensors_in.o
                0x00000000080020dc                crc16
 .text.modbus_get_temp_hum
                0x000000000800215c       0xec ./Core/Src/sensors_in.o
                0x000000000800215c                modbus_get_temp_hum
 .text.HAL_MspInit
                0x0000000008002248       0x48 ./Core/Src/stm32f3xx_hal_msp.o
                0x0000000008002248                HAL_MspInit
 .text.HAL_ADC_MspInit
                0x0000000008002290       0xac ./Core/Src/stm32f3xx_hal_msp.o
                0x0000000008002290                HAL_ADC_MspInit
 .text.HAL_I2C_MspInit
                0x000000000800233c       0xe4 ./Core/Src/stm32f3xx_hal_msp.o
                0x000000000800233c                HAL_I2C_MspInit
 .text.HAL_SPI_MspInit
                0x0000000008002420       0xfc ./Core/Src/stm32f3xx_hal_msp.o
                0x0000000008002420                HAL_SPI_MspInit
 .text.HAL_TIM_PWM_MspInit
                0x000000000800251c       0x74 ./Core/Src/stm32f3xx_hal_msp.o
                0x000000000800251c                HAL_TIM_PWM_MspInit
 .text.HAL_TIM_Base_MspInit
                0x0000000008002590       0xbc ./Core/Src/stm32f3xx_hal_msp.o
                0x0000000008002590                HAL_TIM_Base_MspInit
 .text.HAL_TIM_MspPostInit
                0x000000000800264c       0xb8 ./Core/Src/stm32f3xx_hal_msp.o
                0x000000000800264c                HAL_TIM_MspPostInit
 .text.HAL_UART_MspInit
                0x0000000008002704       0x94 ./Core/Src/stm32f3xx_hal_msp.o
                0x0000000008002704                HAL_UART_MspInit
 .text.NMI_Handler
                0x0000000008002798        0x6 ./Core/Src/stm32f3xx_it.o
                0x0000000008002798                NMI_Handler
 .text.HardFault_Handler
                0x000000000800279e        0x6 ./Core/Src/stm32f3xx_it.o
                0x000000000800279e                HardFault_Handler
 .text.MemManage_Handler
                0x00000000080027a4        0x6 ./Core/Src/stm32f3xx_it.o
                0x00000000080027a4                MemManage_Handler
 .text.BusFault_Handler
                0x00000000080027aa        0x6 ./Core/Src/stm32f3xx_it.o
                0x00000000080027aa                BusFault_Handler
 .text.UsageFault_Handler
                0x00000000080027b0        0x6 ./Core/Src/stm32f3xx_it.o
                0x00000000080027b0                UsageFault_Handler
 .text.SVC_Handler
                0x00000000080027b6        0xe ./Core/Src/stm32f3xx_it.o
                0x00000000080027b6                SVC_Handler
 .text.DebugMon_Handler
                0x00000000080027c4        0xe ./Core/Src/stm32f3xx_it.o
                0x00000000080027c4                DebugMon_Handler
 .text.PendSV_Handler
                0x00000000080027d2        0xe ./Core/Src/stm32f3xx_it.o
                0x00000000080027d2                PendSV_Handler
 .text.SysTick_Handler
                0x00000000080027e0        0xc ./Core/Src/stm32f3xx_it.o
                0x00000000080027e0                SysTick_Handler
 .text.TIM1_BRK_TIM15_IRQHandler
                0x00000000080027ec       0x14 ./Core/Src/stm32f3xx_it.o
                0x00000000080027ec                TIM1_BRK_TIM15_IRQHandler
 .text.TIM3_IRQHandler
                0x0000000008002800       0x14 ./Core/Src/stm32f3xx_it.o
                0x0000000008002800                TIM3_IRQHandler
 .text.I2C1_EV_IRQHandler
                0x0000000008002814       0x14 ./Core/Src/stm32f3xx_it.o
                0x0000000008002814                I2C1_EV_IRQHandler
 .text.I2C1_ER_IRQHandler
                0x0000000008002828       0x14 ./Core/Src/stm32f3xx_it.o
                0x0000000008002828                I2C1_ER_IRQHandler
 .text.SPI1_IRQHandler
                0x000000000800283c       0x14 ./Core/Src/stm32f3xx_it.o
                0x000000000800283c                SPI1_IRQHandler
 .text.USART2_IRQHandler
                0x0000000008002850       0x14 ./Core/Src/stm32f3xx_it.o
                0x0000000008002850                USART2_IRQHandler
 .text.TIM6_DAC_IRQHandler
                0x0000000008002864       0x14 ./Core/Src/stm32f3xx_it.o
                0x0000000008002864                TIM6_DAC_IRQHandler
 .text.TIM7_IRQHandler
                0x0000000008002878       0x14 ./Core/Src/stm32f3xx_it.o
                0x0000000008002878                TIM7_IRQHandler
 .text._getpid  0x000000000800288c       0x10 ./Core/Src/syscalls.o
                0x000000000800288c                _getpid
 .text._kill    0x000000000800289c       0x20 ./Core/Src/syscalls.o
                0x000000000800289c                _kill
 .text._exit    0x00000000080028bc       0x14 ./Core/Src/syscalls.o
                0x00000000080028bc                _exit
 .text._read    0x00000000080028d0       0x3a ./Core/Src/syscalls.o
                0x00000000080028d0                _read
 .text._write   0x000000000800290a       0x38 ./Core/Src/syscalls.o
                0x000000000800290a                _write
 .text._close   0x0000000008002942       0x18 ./Core/Src/syscalls.o
                0x0000000008002942                _close
 .text._fstat   0x000000000800295a       0x20 ./Core/Src/syscalls.o
                0x000000000800295a                _fstat
 .text._isatty  0x000000000800297a       0x16 ./Core/Src/syscalls.o
                0x000000000800297a                _isatty
 .text._lseek   0x0000000008002990       0x1a ./Core/Src/syscalls.o
                0x0000000008002990                _lseek
 *fill*         0x00000000080029aa        0x2 
 .text._sbrk    0x00000000080029ac       0x6c ./Core/Src/sysmem.o
                0x00000000080029ac                _sbrk
 .text.SystemInit
                0x0000000008002a18       0x24 ./Core/Src/system_stm32f3xx.o
                0x0000000008002a18                SystemInit
 .text.main_page
                0x0000000008002a3c      0x1a0 ./Core/Src/windows_drawer.o
                0x0000000008002a3c                main_page
 .text.sensors_draw
                0x0000000008002bdc      0x218 ./Core/Src/windows_drawer.o
                0x0000000008002bdc                sensors_draw
 .text.work_mode
                0x0000000008002df4      0x104 ./Core/Src/windows_drawer.o
                0x0000000008002df4                work_mode
 .text.change_vent_mode
                0x0000000008002ef8       0xdc ./Core/Src/windows_drawer.o
                0x0000000008002ef8                change_vent_mode
 .text.delete_main_frame
                0x0000000008002fd4        0xe ./Core/Src/windows_drawer.o
                0x0000000008002fd4                delete_main_frame
 *fill*         0x0000000008002fe2        0x2 
 .text.settings_draw
                0x0000000008002fe4       0x5c ./Core/Src/windows_drawer.o
                0x0000000008002fe4                settings_draw
 .text.settings_frame
                0x0000000008003040      0x110 ./Core/Src/windows_drawer.o
                0x0000000008003040                settings_frame
 .text.circle_draw
                0x0000000008003150       0x62 ./Core/Src/windows_drawer.o
                0x0000000008003150                circle_draw
 *fill*         0x00000000080031b2        0x2 
 .text.Reset_Handler
                0x00000000080031b4       0x50 ./Core/Startup/startup_stm32f303rbtx.o
                0x00000000080031b4                Reset_Handler
 .text.Default_Handler
                0x0000000008003204        0x2 ./Core/Startup/startup_stm32f303rbtx.o
                0x0000000008003204                RTC_Alarm_IRQHandler
                0x0000000008003204                TIM8_TRG_COM_IRQHandler
                0x0000000008003204                TIM8_CC_IRQHandler
                0x0000000008003204                TIM1_CC_IRQHandler
                0x0000000008003204                USB_HP_IRQHandler
                0x0000000008003204                PVD_IRQHandler
                0x0000000008003204                TAMP_STAMP_IRQHandler
                0x0000000008003204                EXTI3_IRQHandler
                0x0000000008003204                USB_HP_CAN_TX_IRQHandler
                0x0000000008003204                EXTI0_IRQHandler
                0x0000000008003204                I2C2_EV_IRQHandler
                0x0000000008003204                FPU_IRQHandler
                0x0000000008003204                TIM1_UP_TIM16_IRQHandler
                0x0000000008003204                ADC1_2_IRQHandler
                0x0000000008003204                CAN_SCE_IRQHandler
                0x0000000008003204                TIM8_UP_IRQHandler
                0x0000000008003204                DMA2_Channel2_IRQHandler
                0x0000000008003204                DMA1_Channel4_IRQHandler
                0x0000000008003204                USART3_IRQHandler
                0x0000000008003204                DMA1_Channel7_IRQHandler
                0x0000000008003204                UART5_IRQHandler
                0x0000000008003204                ADC3_IRQHandler
                0x0000000008003204                TIM4_IRQHandler
                0x0000000008003204                CAN_RX1_IRQHandler
                0x0000000008003204                DMA2_Channel1_IRQHandler
                0x0000000008003204                DMA1_Channel6_IRQHandler
                0x0000000008003204                UART4_IRQHandler
                0x0000000008003204                DMA2_Channel4_IRQHandler
                0x0000000008003204                RCC_IRQHandler
                0x0000000008003204                DMA1_Channel1_IRQHandler
                0x0000000008003204                Default_Handler
                0x0000000008003204                USBWakeUp_RMP_IRQHandler
                0x0000000008003204                EXTI15_10_IRQHandler
                0x0000000008003204                EXTI9_5_IRQHandler
                0x0000000008003204                RTC_WKUP_IRQHandler
                0x0000000008003204                SPI2_IRQHandler
                0x0000000008003204                USB_LP_CAN_RX0_IRQHandler
                0x0000000008003204                DMA2_Channel5_IRQHandler
                0x0000000008003204                DMA1_Channel5_IRQHandler
                0x0000000008003204                USB_LP_IRQHandler
                0x0000000008003204                EXTI4_IRQHandler
                0x0000000008003204                TIM1_TRG_COM_TIM17_IRQHandler
                0x0000000008003204                ADC4_IRQHandler
                0x0000000008003204                WWDG_IRQHandler
                0x0000000008003204                TIM2_IRQHandler
                0x0000000008003204                COMP7_IRQHandler
                0x0000000008003204                COMP1_2_3_IRQHandler
                0x0000000008003204                EXTI1_IRQHandler
                0x0000000008003204                COMP4_5_6_IRQHandler
                0x0000000008003204                I2C2_ER_IRQHandler
                0x0000000008003204                DMA1_Channel2_IRQHandler
                0x0000000008003204                TIM8_BRK_IRQHandler
                0x0000000008003204                FLASH_IRQHandler
                0x0000000008003204                USART1_IRQHandler
                0x0000000008003204                SPI3_IRQHandler
                0x0000000008003204                USBWakeUp_IRQHandler
                0x0000000008003204                DMA2_Channel3_IRQHandler
                0x0000000008003204                EXTI2_TSC_IRQHandler
 *fill*         0x0000000008003206        0x2 
 .text.HAL_Init
                0x0000000008003208       0x2c ./Drivers/STM32F3xx_HAL_Driver/Src/stm32f3xx_hal.o
                0x0000000008003208                HAL_Init
 .text.HAL_InitTick
                0x0000000008003234       0x60 ./Drivers/STM32F3xx_HAL_Driver/Src/stm32f3xx_hal.o
                0x0000000008003234                HAL_InitTick
 .text.HAL_IncTick
                0x0000000008003294       0x28 ./Drivers/STM32F3xx_HAL_Driver/Src/stm32f3xx_hal.o
                0x0000000008003294                HAL_IncTick
 .text.HAL_GetTick
                0x00000000080032bc       0x18 ./Drivers/STM32F3xx_HAL_Driver/Src/stm32f3xx_hal.o
                0x00000000080032bc                HAL_GetTick
 .text.HAL_Delay
                0x00000000080032d4       0x48 ./Drivers/STM32F3xx_HAL_Driver/Src/stm32f3xx_hal.o
                0x00000000080032d4                HAL_Delay
 .text.HAL_ADC_Init
                0x000000000800331c      0x3c0 ./Drivers/STM32F3xx_HAL_Driver/Src/stm32f3xx_hal_adc_ex.o
                0x000000000800331c                HAL_ADC_Init
 .text.HAL_ADC_Start
                0x00000000080036dc      0x22c ./Drivers/STM32F3xx_HAL_Driver/Src/stm32f3xx_hal_adc_ex.o
                0x00000000080036dc                HAL_ADC_Start
 .text.HAL_ADCEx_Calibration_Start
                0x0000000008003908       0xe4 ./Drivers/STM32F3xx_HAL_Driver/Src/stm32f3xx_hal_adc_ex.o
                0x0000000008003908                HAL_ADCEx_Calibration_Start
 .text.HAL_ADCEx_InjectedConfigChannel
                0x00000000080039ec      0x710 ./Drivers/STM32F3xx_HAL_Driver/Src/stm32f3xx_hal_adc_ex.o
                0x00000000080039ec                HAL_ADCEx_InjectedConfigChannel
 .text.HAL_ADCEx_MultiModeConfigChannel
                0x00000000080040fc      0x1e4 ./Drivers/STM32F3xx_HAL_Driver/Src/stm32f3xx_hal_adc_ex.o
                0x00000000080040fc                HAL_ADCEx_MultiModeConfigChannel
 .text.ADC_Enable
                0x00000000080042e0       0xc8 ./Drivers/STM32F3xx_HAL_Driver/Src/stm32f3xx_hal_adc_ex.o
 .text.ADC_Disable
                0x00000000080043a8       0xcc ./Drivers/STM32F3xx_HAL_Driver/Src/stm32f3xx_hal_adc_ex.o
 .text.__NVIC_SetPriorityGrouping
                0x0000000008004474       0x48 ./Drivers/STM32F3xx_HAL_Driver/Src/stm32f3xx_hal_cortex.o
 .text.__NVIC_GetPriorityGrouping
                0x00000000080044bc       0x1c ./Drivers/STM32F3xx_HAL_Driver/Src/stm32f3xx_hal_cortex.o
 .text.__NVIC_EnableIRQ
                0x00000000080044d8       0x3c ./Drivers/STM32F3xx_HAL_Driver/Src/stm32f3xx_hal_cortex.o
 .text.__NVIC_SetPriority
                0x0000000008004514       0x54 ./Drivers/STM32F3xx_HAL_Driver/Src/stm32f3xx_hal_cortex.o
 .text.NVIC_EncodePriority
                0x0000000008004568       0x66 ./Drivers/STM32F3xx_HAL_Driver/Src/stm32f3xx_hal_cortex.o
 *fill*         0x00000000080045ce        0x2 
 .text.SysTick_Config
                0x00000000080045d0       0x44 ./Drivers/STM32F3xx_HAL_Driver/Src/stm32f3xx_hal_cortex.o
 .text.HAL_NVIC_SetPriorityGrouping
                0x0000000008004614       0x16 ./Drivers/STM32F3xx_HAL_Driver/Src/stm32f3xx_hal_cortex.o
                0x0000000008004614                HAL_NVIC_SetPriorityGrouping
 .text.HAL_NVIC_SetPriority
                0x000000000800462a       0x38 ./Drivers/STM32F3xx_HAL_Driver/Src/stm32f3xx_hal_cortex.o
                0x000000000800462a                HAL_NVIC_SetPriority
 .text.HAL_NVIC_EnableIRQ
                0x0000000008004662       0x1c ./Drivers/STM32F3xx_HAL_Driver/Src/stm32f3xx_hal_cortex.o
                0x0000000008004662                HAL_NVIC_EnableIRQ
 .text.HAL_SYSTICK_Config
                0x000000000800467e       0x18 ./Drivers/STM32F3xx_HAL_Driver/Src/stm32f3xx_hal_cortex.o
                0x000000000800467e                HAL_SYSTICK_Config
 .text.HAL_DMA_Abort
                0x0000000008004696       0x72 ./Drivers/STM32F3xx_HAL_Driver/Src/stm32f3xx_hal_dma.o
                0x0000000008004696                HAL_DMA_Abort
 .text.HAL_DMA_Abort_IT
                0x0000000008004708       0x7c ./Drivers/STM32F3xx_HAL_Driver/Src/stm32f3xx_hal_dma.o
                0x0000000008004708                HAL_DMA_Abort_IT
 .text.HAL_DMA_GetState
                0x0000000008004784       0x1a ./Drivers/STM32F3xx_HAL_Driver/Src/stm32f3xx_hal_dma.o
                0x0000000008004784                HAL_DMA_GetState
 *fill*         0x000000000800479e        0x2 
 .text.HAL_GPIO_Init
                0x00000000080047a0      0x2f4 ./Drivers/STM32F3xx_HAL_Driver/Src/stm32f3xx_hal_gpio.o
                0x00000000080047a0                HAL_GPIO_Init
 .text.HAL_GPIO_ReadPin
                0x0000000008004a94       0x30 ./Drivers/STM32F3xx_HAL_Driver/Src/stm32f3xx_hal_gpio.o
                0x0000000008004a94                HAL_GPIO_ReadPin
 .text.HAL_GPIO_WritePin
                0x0000000008004ac4       0x30 ./Drivers/STM32F3xx_HAL_Driver/Src/stm32f3xx_hal_gpio.o
                0x0000000008004ac4                HAL_GPIO_WritePin
 .text.HAL_I2C_Init
                0x0000000008004af4      0x11e ./Drivers/STM32F3xx_HAL_Driver/Src/stm32f3xx_hal_i2c.o
                0x0000000008004af4                HAL_I2C_Init
 *fill*         0x0000000008004c12        0x2 
 .text.HAL_I2C_Master_Transmit
                0x0000000008004c14      0x1e8 ./Drivers/STM32F3xx_HAL_Driver/Src/stm32f3xx_hal_i2c.o
                0x0000000008004c14                HAL_I2C_Master_Transmit
 .text.HAL_I2C_Master_Receive
                0x0000000008004dfc      0x1ec ./Drivers/STM32F3xx_HAL_Driver/Src/stm32f3xx_hal_i2c.o
                0x0000000008004dfc                HAL_I2C_Master_Receive
 .text.HAL_I2C_EV_IRQHandler
                0x0000000008004fe8       0x34 ./Drivers/STM32F3xx_HAL_Driver/Src/stm32f3xx_hal_i2c.o
                0x0000000008004fe8                HAL_I2C_EV_IRQHandler
 .text.HAL_I2C_ER_IRQHandler
                0x000000000800501c       0xc2 ./Drivers/STM32F3xx_HAL_Driver/Src/stm32f3xx_hal_i2c.o
                0x000000000800501c                HAL_I2C_ER_IRQHandler
 .text.HAL_I2C_SlaveTxCpltCallback
                0x00000000080050de       0x14 ./Drivers/STM32F3xx_HAL_Driver/Src/stm32f3xx_hal_i2c.o
                0x00000000080050de                HAL_I2C_SlaveTxCpltCallback
 .text.HAL_I2C_SlaveRxCpltCallback
                0x00000000080050f2       0x14 ./Drivers/STM32F3xx_HAL_Driver/Src/stm32f3xx_hal_i2c.o
                0x00000000080050f2                HAL_I2C_SlaveRxCpltCallback
 .text.HAL_I2C_AddrCallback
                0x0000000008005106       0x1c ./Drivers/STM32F3xx_HAL_Driver/Src/stm32f3xx_hal_i2c.o
                0x0000000008005106                HAL_I2C_AddrCallback
 .text.HAL_I2C_ListenCpltCallback
                0x0000000008005122       0x14 ./Drivers/STM32F3xx_HAL_Driver/Src/stm32f3xx_hal_i2c.o
                0x0000000008005122                HAL_I2C_ListenCpltCallback
 .text.HAL_I2C_ErrorCallback
                0x0000000008005136       0x14 ./Drivers/STM32F3xx_HAL_Driver/Src/stm32f3xx_hal_i2c.o
                0x0000000008005136                HAL_I2C_ErrorCallback
 .text.HAL_I2C_AbortCpltCallback
                0x000000000800514a       0x14 ./Drivers/STM32F3xx_HAL_Driver/Src/stm32f3xx_hal_i2c.o
                0x000000000800514a                HAL_I2C_AbortCpltCallback
 .text.I2C_Slave_ISR_IT
                0x000000000800515e      0x206 ./Drivers/STM32F3xx_HAL_Driver/Src/stm32f3xx_hal_i2c.o
 .text.I2C_ITAddrCplt
                0x0000000008005364      0x108 ./Drivers/STM32F3xx_HAL_Driver/Src/stm32f3xx_hal_i2c.o
 .text.I2C_ITSlaveSeqCplt
                0x000000000800546c       0xbc ./Drivers/STM32F3xx_HAL_Driver/Src/stm32f3xx_hal_i2c.o
 .text.I2C_ITSlaveCplt
                0x0000000008005528      0x214 ./Drivers/STM32F3xx_HAL_Driver/Src/stm32f3xx_hal_i2c.o
 .text.I2C_ITListenCplt
                0x000000000800573c       0xac ./Drivers/STM32F3xx_HAL_Driver/Src/stm32f3xx_hal_i2c.o
 .text.I2C_ITError
                0x00000000080057e8      0x1e0 ./Drivers/STM32F3xx_HAL_Driver/Src/stm32f3xx_hal_i2c.o
 .text.I2C_TreatErrorCallback
                0x00000000080059c8       0x4e ./Drivers/STM32F3xx_HAL_Driver/Src/stm32f3xx_hal_i2c.o
 .text.I2C_Flush_TXDR
                0x0000000008005a16       0x48 ./Drivers/STM32F3xx_HAL_Driver/Src/stm32f3xx_hal_i2c.o
 .text.I2C_DMAAbort
                0x0000000008005a5e       0x3c ./Drivers/STM32F3xx_HAL_Driver/Src/stm32f3xx_hal_i2c.o
 .text.I2C_WaitOnFlagUntilTimeout
                0x0000000008005a9a       0x9e ./Drivers/STM32F3xx_HAL_Driver/Src/stm32f3xx_hal_i2c.o
 .text.I2C_WaitOnTXISFlagUntilTimeout
                0x0000000008005b38       0x8e ./Drivers/STM32F3xx_HAL_Driver/Src/stm32f3xx_hal_i2c.o
 .text.I2C_WaitOnSTOPFlagUntilTimeout
                0x0000000008005bc6       0x86 ./Drivers/STM32F3xx_HAL_Driver/Src/stm32f3xx_hal_i2c.o
 .text.I2C_WaitOnRXNEFlagUntilTimeout
                0x0000000008005c4c      0x104 ./Drivers/STM32F3xx_HAL_Driver/Src/stm32f3xx_hal_i2c.o
 .text.I2C_IsErrorOccurred
                0x0000000008005d50      0x1c0 ./Drivers/STM32F3xx_HAL_Driver/Src/stm32f3xx_hal_i2c.o
 .text.I2C_TransferConfig
                0x0000000008005f10       0x64 ./Drivers/STM32F3xx_HAL_Driver/Src/stm32f3xx_hal_i2c.o
 .text.I2C_Disable_IRQ
                0x0000000008005f74       0xbc ./Drivers/STM32F3xx_HAL_Driver/Src/stm32f3xx_hal_i2c.o
 .text.HAL_I2CEx_ConfigAnalogFilter
                0x0000000008006030       0x96 ./Drivers/STM32F3xx_HAL_Driver/Src/stm32f3xx_hal_i2c_ex.o
                0x0000000008006030                HAL_I2CEx_ConfigAnalogFilter
 .text.HAL_I2CEx_ConfigDigitalFilter
                0x00000000080060c6       0x98 ./Drivers/STM32F3xx_HAL_Driver/Src/stm32f3xx_hal_i2c_ex.o
                0x00000000080060c6                HAL_I2CEx_ConfigDigitalFilter
 *fill*         0x000000000800615e        0x2 
 .text.HAL_RCC_OscConfig
                0x0000000008006160     0x107c ./Drivers/STM32F3xx_HAL_Driver/Src/stm32f3xx_hal_rcc.o
                0x0000000008006160                HAL_RCC_OscConfig
 .text.HAL_RCC_ClockConfig
                0x00000000080071dc      0x2f8 ./Drivers/STM32F3xx_HAL_Driver/Src/stm32f3xx_hal_rcc.o
                0x00000000080071dc                HAL_RCC_ClockConfig
 .text.HAL_RCC_GetSysClockFreq
                0x00000000080074d4       0xd4 ./Drivers/STM32F3xx_HAL_Driver/Src/stm32f3xx_hal_rcc.o
                0x00000000080074d4                HAL_RCC_GetSysClockFreq
 .text.HAL_RCC_GetHCLKFreq
                0x00000000080075a8       0x18 ./Drivers/STM32F3xx_HAL_Driver/Src/stm32f3xx_hal_rcc.o
                0x00000000080075a8                HAL_RCC_GetHCLKFreq
 .text.HAL_RCC_GetPCLK1Freq
                0x00000000080075c0       0x44 ./Drivers/STM32F3xx_HAL_Driver/Src/stm32f3xx_hal_rcc.o
                0x00000000080075c0                HAL_RCC_GetPCLK1Freq
 .text.HAL_RCC_GetPCLK2Freq
                0x0000000008007604       0x44 ./Drivers/STM32F3xx_HAL_Driver/Src/stm32f3xx_hal_rcc.o
                0x0000000008007604                HAL_RCC_GetPCLK2Freq
 .text.HAL_RCCEx_PeriphCLKConfig
                0x0000000008007648      0x360 ./Drivers/STM32F3xx_HAL_Driver/Src/stm32f3xx_hal_rcc_ex.o
                0x0000000008007648                HAL_RCCEx_PeriphCLKConfig
 .text.HAL_SPI_Init
                0x00000000080079a8      0x156 ./Drivers/STM32F3xx_HAL_Driver/Src/stm32f3xx_hal_spi.o
                0x00000000080079a8                HAL_SPI_Init
 *fill*         0x0000000008007afe        0x2 
 .text.HAL_SPI_IRQHandler
                0x0000000008007b00      0x200 ./Drivers/STM32F3xx_HAL_Driver/Src/stm32f3xx_hal_spi.o
                0x0000000008007b00                HAL_SPI_IRQHandler
 .text.HAL_SPI_ErrorCallback
                0x0000000008007d00       0x14 ./Drivers/STM32F3xx_HAL_Driver/Src/stm32f3xx_hal_spi.o
                0x0000000008007d00                HAL_SPI_ErrorCallback
 .text.SPI_DMAAbortOnError
                0x0000000008007d14       0x2a ./Drivers/STM32F3xx_HAL_Driver/Src/stm32f3xx_hal_spi.o
 .text.HAL_TIM_Base_Init
                0x0000000008007d3e       0xae ./Drivers/STM32F3xx_HAL_Driver/Src/stm32f3xx_hal_tim.o
                0x0000000008007d3e                HAL_TIM_Base_Init
 .text.HAL_TIM_Base_Start_IT
                0x0000000008007dec       0xd4 ./Drivers/STM32F3xx_HAL_Driver/Src/stm32f3xx_hal_tim.o
                0x0000000008007dec                HAL_TIM_Base_Start_IT
 .text.HAL_TIM_PWM_Init
                0x0000000008007ec0       0xae ./Drivers/STM32F3xx_HAL_Driver/Src/stm32f3xx_hal_tim.o
                0x0000000008007ec0                HAL_TIM_PWM_Init
 *fill*         0x0000000008007f6e        0x2 
 .text.HAL_TIM_PWM_Start
                0x0000000008007f70      0x200 ./Drivers/STM32F3xx_HAL_Driver/Src/stm32f3xx_hal_tim.o
                0x0000000008007f70                HAL_TIM_PWM_Start
 .text.HAL_TIM_IRQHandler
                0x0000000008008170      0x23e ./Drivers/STM32F3xx_HAL_Driver/Src/stm32f3xx_hal_tim.o
                0x0000000008008170                HAL_TIM_IRQHandler
 *fill*         0x00000000080083ae        0x2 
 .text.HAL_TIM_PWM_ConfigChannel
                0x00000000080083b0      0x228 ./Drivers/STM32F3xx_HAL_Driver/Src/stm32f3xx_hal_tim.o
                0x00000000080083b0                HAL_TIM_PWM_ConfigChannel
 .text.HAL_TIM_ConfigClockSource
                0x00000000080085d8      0x192 ./Drivers/STM32F3xx_HAL_Driver/Src/stm32f3xx_hal_tim.o
                0x00000000080085d8                HAL_TIM_ConfigClockSource
 .text.HAL_TIM_OC_DelayElapsedCallback
                0x000000000800876a       0x14 ./Drivers/STM32F3xx_HAL_Driver/Src/stm32f3xx_hal_tim.o
                0x000000000800876a                HAL_TIM_OC_DelayElapsedCallback
 .text.HAL_TIM_IC_CaptureCallback
                0x000000000800877e       0x14 ./Drivers/STM32F3xx_HAL_Driver/Src/stm32f3xx_hal_tim.o
                0x000000000800877e                HAL_TIM_IC_CaptureCallback
 .text.HAL_TIM_PWM_PulseFinishedCallback
                0x0000000008008792       0x14 ./Drivers/STM32F3xx_HAL_Driver/Src/stm32f3xx_hal_tim.o
                0x0000000008008792                HAL_TIM_PWM_PulseFinishedCallback
 .text.HAL_TIM_TriggerCallback
                0x00000000080087a6       0x14 ./Drivers/STM32F3xx_HAL_Driver/Src/stm32f3xx_hal_tim.o
                0x00000000080087a6                HAL_TIM_TriggerCallback
 *fill*         0x00000000080087ba        0x2 
 .text.TIM_Base_SetConfig
                0x00000000080087bc      0x120 ./Drivers/STM32F3xx_HAL_Driver/Src/stm32f3xx_hal_tim.o
                0x00000000080087bc                TIM_Base_SetConfig
 .text.TIM_OC1_SetConfig
                0x00000000080088dc      0x120 ./Drivers/STM32F3xx_HAL_Driver/Src/stm32f3xx_hal_tim.o
 .text.TIM_OC2_SetConfig
                0x00000000080089fc      0x114 ./Drivers/STM32F3xx_HAL_Driver/Src/stm32f3xx_hal_tim.o
                0x00000000080089fc                TIM_OC2_SetConfig
 .text.TIM_OC3_SetConfig
                0x0000000008008b10      0x110 ./Drivers/STM32F3xx_HAL_Driver/Src/stm32f3xx_hal_tim.o
 .text.TIM_OC4_SetConfig
                0x0000000008008c20       0xd4 ./Drivers/STM32F3xx_HAL_Driver/Src/stm32f3xx_hal_tim.o
 .text.TIM_OC5_SetConfig
                0x0000000008008cf4       0xc8 ./Drivers/STM32F3xx_HAL_Driver/Src/stm32f3xx_hal_tim.o
 .text.TIM_OC6_SetConfig
                0x0000000008008dbc       0xcc ./Drivers/STM32F3xx_HAL_Driver/Src/stm32f3xx_hal_tim.o
 .text.TIM_TI1_ConfigInputStage
                0x0000000008008e88       0x5e ./Drivers/STM32F3xx_HAL_Driver/Src/stm32f3xx_hal_tim.o
 .text.TIM_TI2_ConfigInputStage
                0x0000000008008ee6       0x60 ./Drivers/STM32F3xx_HAL_Driver/Src/stm32f3xx_hal_tim.o
 .text.TIM_ITRx_SetConfig
                0x0000000008008f46       0x36 ./Drivers/STM32F3xx_HAL_Driver/Src/stm32f3xx_hal_tim.o
 .text.TIM_ETR_SetConfig
                0x0000000008008f7c       0x40 ./Drivers/STM32F3xx_HAL_Driver/Src/stm32f3xx_hal_tim.o
                0x0000000008008f7c                TIM_ETR_SetConfig
 .text.TIM_CCxChannelCmd
                0x0000000008008fbc       0x4a ./Drivers/STM32F3xx_HAL_Driver/Src/stm32f3xx_hal_tim.o
                0x0000000008008fbc                TIM_CCxChannelCmd
 *fill*         0x0000000008009006        0x2 
 .text.HAL_TIMEx_MasterConfigSynchronization
                0x0000000008009008      0x100 ./Drivers/STM32F3xx_HAL_Driver/Src/stm32f3xx_hal_tim_ex.o
                0x0000000008009008                HAL_TIMEx_MasterConfigSynchronization
 .text.HAL_TIMEx_ConfigBreakDeadTime
                0x0000000008009108       0xfc ./Drivers/STM32F3xx_HAL_Driver/Src/stm32f3xx_hal_tim_ex.o
                0x0000000008009108                HAL_TIMEx_ConfigBreakDeadTime
 .text.HAL_TIMEx_CommutCallback
                0x0000000008009204       0x14 ./Drivers/STM32F3xx_HAL_Driver/Src/stm32f3xx_hal_tim_ex.o
                0x0000000008009204                HAL_TIMEx_CommutCallback
 .text.HAL_TIMEx_BreakCallback
                0x0000000008009218       0x14 ./Drivers/STM32F3xx_HAL_Driver/Src/stm32f3xx_hal_tim_ex.o
                0x0000000008009218                HAL_TIMEx_BreakCallback
 .text.HAL_TIMEx_Break2Callback
                0x000000000800922c       0x14 ./Drivers/STM32F3xx_HAL_Driver/Src/stm32f3xx_hal_tim_ex.o
                0x000000000800922c                HAL_TIMEx_Break2Callback
 .text.HAL_UART_Init
                0x0000000008009240       0x9c ./Drivers/STM32F3xx_HAL_Driver/Src/stm32f3xx_hal_uart.o
                0x0000000008009240                HAL_UART_Init
 .text.HAL_UART_Transmit
                0x00000000080092dc      0x114 ./Drivers/STM32F3xx_HAL_Driver/Src/stm32f3xx_hal_uart.o
                0x00000000080092dc                HAL_UART_Transmit
 .text.HAL_UART_Receive
                0x00000000080093f0      0x16c ./Drivers/STM32F3xx_HAL_Driver/Src/stm32f3xx_hal_uart.o
                0x00000000080093f0                HAL_UART_Receive
 .text.HAL_UART_IRQHandler
                0x000000000800955c      0x5cc ./Drivers/STM32F3xx_HAL_Driver/Src/stm32f3xx_hal_uart.o
                0x000000000800955c                HAL_UART_IRQHandler
 .text.HAL_UART_TxCpltCallback
                0x0000000008009b28       0x14 ./Drivers/STM32F3xx_HAL_Driver/Src/stm32f3xx_hal_uart.o
                0x0000000008009b28                HAL_UART_TxCpltCallback
 .text.HAL_UART_ErrorCallback
                0x0000000008009b3c       0x14 ./Drivers/STM32F3xx_HAL_Driver/Src/stm32f3xx_hal_uart.o
                0x0000000008009b3c                HAL_UART_ErrorCallback
 .text.HAL_UARTEx_RxEventCallback
                0x0000000008009b50       0x18 ./Drivers/STM32F3xx_HAL_Driver/Src/stm32f3xx_hal_uart.o
                0x0000000008009b50                HAL_UARTEx_RxEventCallback
 .text.UART_SetConfig
                0x0000000008009b68      0x3a8 ./Drivers/STM32F3xx_HAL_Driver/Src/stm32f3xx_hal_uart.o
                0x0000000008009b68                UART_SetConfig
 .text.UART_AdvFeatureConfig
                0x0000000008009f10      0x144 ./Drivers/STM32F3xx_HAL_Driver/Src/stm32f3xx_hal_uart.o
                0x0000000008009f10                UART_AdvFeatureConfig
 .text.UART_CheckIdleState
                0x000000000800a054      0x150 ./Drivers/STM32F3xx_HAL_Driver/Src/stm32f3xx_hal_uart.o
                0x000000000800a054                UART_CheckIdleState
 .text.UART_WaitOnFlagUntilTimeout
                0x000000000800a1a4       0xce ./Drivers/STM32F3xx_HAL_Driver/Src/stm32f3xx_hal_uart.o
                0x000000000800a1a4                UART_WaitOnFlagUntilTimeout
 .text.UART_EndRxTransfer
                0x000000000800a272       0xc8 ./Drivers/STM32F3xx_HAL_Driver/Src/stm32f3xx_hal_uart.o
 .text.UART_DMAAbortOnError
                0x000000000800a33a       0x2c ./Drivers/STM32F3xx_HAL_Driver/Src/stm32f3xx_hal_uart.o
 .text.UART_EndTransmit_IT
                0x000000000800a366       0x54 ./Drivers/STM32F3xx_HAL_Driver/Src/stm32f3xx_hal_uart.o
 .text.HAL_UARTEx_WakeupCallback
                0x000000000800a3ba       0x14 ./Drivers/STM32F3xx_HAL_Driver/Src/stm32f3xx_hal_uart_ex.o
                0x000000000800a3ba                HAL_UARTEx_WakeupCallback
 *fill*         0x000000000800a3ce        0x2 
 .text.BUTTON_LowLevelManager
                0x000000000800a3d0      0x118 ./Modules/Button/button.o
                0x000000000800a3d0                BUTTON_LowLevelManager
 .text.BUTTON_HighLevelManager
                0x000000000800a4e8       0xa8 ./Modules/Button/button.o
                0x000000000800a4e8                BUTTON_HighLevelManager
 .text.BUTTON_Process
                0x000000000800a590       0x10 ./Modules/Button/button.o
                0x000000000800a590                BUTTON_Process
 .text.BUTTON_TimerProcess
                0x000000000800a5a0       0x78 ./Modules/Button/button.o
                0x000000000800a5a0                BUTTON_TimerProcess
 .text.BUTTON_GetAction
                0x000000000800a618       0x20 ./Modules/Button/button.o
                0x000000000800a618                BUTTON_GetAction
 .text.BUTTON_ResetActions
                0x000000000800a638       0x34 ./Modules/Button/button.o
                0x000000000800a638                BUTTON_ResetActions
 .text.BUTTON_Init
                0x000000000800a66c       0x68 ./Modules/Button/button.o
                0x000000000800a66c                BUTTON_Init
 .text.ili9488_Init
                0x000000000800a6d4      0x130 ./Modules/LCD/ili9488.o
                0x000000000800a6d4                ili9488_Init
 .text.ili9488_DisplayOn
                0x000000000800a804       0x14 ./Modules/LCD/ili9488.o
                0x000000000800a804                ili9488_DisplayOn
 .text.ili9488_DisplayOff
                0x000000000800a818       0x14 ./Modules/LCD/ili9488.o
                0x000000000800a818                ili9488_DisplayOff
 .text.ili9488_GetLcdPixelWidth
                0x000000000800a82c       0x12 ./Modules/LCD/ili9488.o
                0x000000000800a82c                ili9488_GetLcdPixelWidth
 .text.ili9488_GetLcdPixelHeight
                0x000000000800a83e       0x12 ./Modules/LCD/ili9488.o
                0x000000000800a83e                ili9488_GetLcdPixelHeight
 .text.ili9488_ReadID
                0x000000000800a850       0x48 ./Modules/LCD/ili9488.o
                0x000000000800a850                ili9488_ReadID
 .text.ili9488_SetCursor
                0x000000000800a898       0x84 ./Modules/LCD/ili9488.o
                0x000000000800a898                ili9488_SetCursor
 .text.ili9488_write16to24
                0x000000000800a91c       0x42 ./Modules/LCD/ili9488.o
                0x000000000800a91c                ili9488_write16to24
 .text.ili9488_WritePixel
                0x000000000800a95e       0x94 ./Modules/LCD/ili9488.o
                0x000000000800a95e                ili9488_WritePixel
 .text.ili9488_ReadPixel
                0x000000000800a9f2       0x94 ./Modules/LCD/ili9488.o
                0x000000000800a9f2                ili9488_ReadPixel
 *fill*         0x000000000800aa86        0x2 
 .text.ili9488_SetDisplayWindow
                0x000000000800aa88       0xd0 ./Modules/LCD/ili9488.o
                0x000000000800aa88                ili9488_SetDisplayWindow
 .text.ili9488_DrawHLine
                0x000000000800ab58       0x36 ./Modules/LCD/ili9488.o
                0x000000000800ab58                ili9488_DrawHLine
 .text.ili9488_DrawVLine
                0x000000000800ab8e       0x38 ./Modules/LCD/ili9488.o
                0x000000000800ab8e                ili9488_DrawVLine
 .text.ili9488_FillRect
                0x000000000800abc6       0x58 ./Modules/LCD/ili9488.o
                0x000000000800abc6                ili9488_FillRect
 *fill*         0x000000000800ac1e        0x2 
 .text.ili9488_DrawBitmap
                0x000000000800ac20      0x120 ./Modules/LCD/ili9488.o
                0x000000000800ac20                ili9488_DrawBitmap
 .text.ili9488_DrawRGBImage
                0x000000000800ad40       0x60 ./Modules/LCD/ili9488.o
                0x000000000800ad40                ili9488_DrawRGBImage
 .text.ili9488_ReadRGBImage
                0x000000000800ada0       0x4c ./Modules/LCD/ili9488.o
                0x000000000800ada0                ili9488_ReadRGBImage
 .text.ili9488_Scroll
                0x000000000800adec       0xc0 ./Modules/LCD/ili9488.o
                0x000000000800adec                ili9488_Scroll
 .text.__NVIC_EnableIRQ
                0x000000000800aeac       0x3c ./Modules/LCD/lcd_io_spi.o
 .text.__NVIC_SetPriority
                0x000000000800aee8       0x54 ./Modules/LCD/lcd_io_spi.o
 .text.LcdWrite8
                0x000000000800af3c       0x34 ./Modules/LCD/lcd_io_spi.o
                0x000000000800af3c                LcdWrite8
 .text.LcdCmdWrite8
                0x000000000800af70       0x44 ./Modules/LCD/lcd_io_spi.o
                0x000000000800af70                LcdCmdWrite8
 .text.WaitForDmaEnd
                0x000000000800afb4       0x20 ./Modules/LCD/lcd_io_spi.o
                0x000000000800afb4                WaitForDmaEnd
 .text.DMA1_Channel3_IRQHandler
                0x000000000800afd4       0x98 ./Modules/LCD/lcd_io_spi.o
                0x000000000800afd4                DMA1_Channel3_IRQHandler
 .text.LCD_IO_WriteMultiData
                0x000000000800b06c       0x8c ./Modules/LCD/lcd_io_spi.o
                0x000000000800b06c                LCD_IO_WriteMultiData
 .text.LCD_IO_WriteMultiData8
                0x000000000800b0f8       0x9c ./Modules/LCD/lcd_io_spi.o
                0x000000000800b0f8                LCD_IO_WriteMultiData8
 .text.LCD_IO_WriteMultiData16
                0x000000000800b194       0xec ./Modules/LCD/lcd_io_spi.o
                0x000000000800b194                LCD_IO_WriteMultiData16
 .text.LCD_IO_Delay
                0x000000000800b280       0x22 ./Modules/LCD/lcd_io_spi.o
                0x000000000800b280                LCD_IO_Delay
 .text.LCD_Delay
                0x000000000800b2a2       0x16 ./Modules/LCD/lcd_io_spi.o
                0x000000000800b2a2                LCD_Delay
 .text.LCD_IO_Bl_OnOff
                0x000000000800b2b8       0x16 ./Modules/LCD/lcd_io_spi.o
                0x000000000800b2b8                LCD_IO_Bl_OnOff
 *fill*         0x000000000800b2ce        0x2 
 .text.LCD_IO_Init
                0x000000000800b2d0      0x17c ./Modules/LCD/lcd_io_spi.o
                0x000000000800b2d0                LCD_IO_Init
 .text.LCD_IO_WriteCmd8
                0x000000000800b44c       0x44 ./Modules/LCD/lcd_io_spi.o
                0x000000000800b44c                LCD_IO_WriteCmd8
 .text.LCD_IO_WriteData8
                0x000000000800b490       0x44 ./Modules/LCD/lcd_io_spi.o
                0x000000000800b490                LCD_IO_WriteData8
 .text.LCD_IO_WriteCmd8DataFill16
                0x000000000800b4d4       0x58 ./Modules/LCD/lcd_io_spi.o
                0x000000000800b4d4                LCD_IO_WriteCmd8DataFill16
 .text.LCD_IO_WriteCmd8MultipleData8
                0x000000000800b52c       0x48 ./Modules/LCD/lcd_io_spi.o
                0x000000000800b52c                LCD_IO_WriteCmd8MultipleData8
 .text.LCD_IO_WriteCmd8MultipleData16
                0x000000000800b574       0x54 ./Modules/LCD/lcd_io_spi.o
                0x000000000800b574                LCD_IO_WriteCmd8MultipleData16
 .text.LCD_IO_ReadCmd8MultipleData8
                0x000000000800b5c8       0x1c ./Modules/LCD/lcd_io_spi.o
                0x000000000800b5c8                LCD_IO_ReadCmd8MultipleData8
 .text.LCD_IO_ReadCmd8MultipleData24to16
                0x000000000800b5e4       0x1c ./Modules/LCD/lcd_io_spi.o
                0x000000000800b5e4                LCD_IO_ReadCmd8MultipleData24to16
 .text.BSP_LCD_Init
                0x000000000800b600       0x40 ./Modules/LCD/stm32_adafruit_lcd.o
                0x000000000800b600                BSP_LCD_Init
 .text.BSP_LCD_GetXSize
                0x000000000800b640       0x18 ./Modules/LCD/stm32_adafruit_lcd.o
                0x000000000800b640                BSP_LCD_GetXSize
 .text.BSP_LCD_GetYSize
                0x000000000800b658       0x18 ./Modules/LCD/stm32_adafruit_lcd.o
                0x000000000800b658                BSP_LCD_GetYSize
 .text.BSP_LCD_SetTextColor
                0x000000000800b670       0x20 ./Modules/LCD/stm32_adafruit_lcd.o
                0x000000000800b670                BSP_LCD_SetTextColor
 .text.BSP_LCD_SetFont
                0x000000000800b690       0x20 ./Modules/LCD/stm32_adafruit_lcd.o
                0x000000000800b690                BSP_LCD_SetFont
 .text.BSP_LCD_Clear
                0x000000000800b6b0       0x3c ./Modules/LCD/stm32_adafruit_lcd.o
                0x000000000800b6b0                BSP_LCD_Clear
 .text.BSP_LCD_DisplayChar
                0x000000000800b6ec       0x60 ./Modules/LCD/stm32_adafruit_lcd.o
                0x000000000800b6ec                BSP_LCD_DisplayChar
 .text.BSP_LCD_DisplayStringAt
                0x000000000800b74c      0x120 ./Modules/LCD/stm32_adafruit_lcd.o
                0x000000000800b74c                BSP_LCD_DisplayStringAt
 .text.BSP_LCD_DrawPixel
                0x000000000800b86c       0x38 ./Modules/LCD/stm32_adafruit_lcd.o
                0x000000000800b86c                BSP_LCD_DrawPixel
 .text.BSP_LCD_DrawHLine
                0x000000000800b8a4       0x74 ./Modules/LCD/stm32_adafruit_lcd.o
                0x000000000800b8a4                BSP_LCD_DrawHLine
 .text.BSP_LCD_DrawVLine
                0x000000000800b918       0x74 ./Modules/LCD/stm32_adafruit_lcd.o
                0x000000000800b918                BSP_LCD_DrawVLine
 .text.BSP_LCD_DrawLine
                0x000000000800b98c      0x184 ./Modules/LCD/stm32_adafruit_lcd.o
                0x000000000800b98c                BSP_LCD_DrawLine
 .text.BSP_LCD_DrawRect
                0x000000000800bb10       0x6a ./Modules/LCD/stm32_adafruit_lcd.o
                0x000000000800bb10                BSP_LCD_DrawRect
 *fill*         0x000000000800bb7a        0x2 
 .text.BSP_LCD_DrawCircle
                0x000000000800bb7c      0x170 ./Modules/LCD/stm32_adafruit_lcd.o
                0x000000000800bb7c                BSP_LCD_DrawCircle
 .text.BSP_LCD_DrawBitmap
                0x000000000800bcec       0xb4 ./Modules/LCD/stm32_adafruit_lcd.o
                0x000000000800bcec                BSP_LCD_DrawBitmap
 .text.BSP_LCD_FillRect
                0x000000000800bda0       0x48 ./Modules/LCD/stm32_adafruit_lcd.o
                0x000000000800bda0                BSP_LCD_FillRect
 .text.BSP_LCD_FillCircle
                0x000000000800bde8      0x118 ./Modules/LCD/stm32_adafruit_lcd.o
                0x000000000800bde8                BSP_LCD_FillCircle
 .text.DrawChar
                0x000000000800bf00      0x1e4 ./Modules/LCD/stm32_adafruit_lcd.o
 .text.SetDisplayWindow
                0x000000000800c0e4       0x44 ./Modules/LCD/stm32_adafruit_lcd.o
 .text.__errno  0x000000000800c128        0xc c:/st/stm32cubeide_1.9.0/stm32cubeide/plugins/com.st.stm32cube.ide.mcu.externaltools.gnu-tools-for-stm32.10.3-2021.10.win32_1.0.0.202111181127/tools/bin/../lib/gcc/arm-none-eabi/10.3.1/../../../../arm-none-eabi/lib/thumb/v7e-m+fp/hard\libc_nano.a(lib_a-errno.o)
                0x000000000800c128                __errno
 .text.__libc_init_array
                0x000000000800c134       0x48 c:/st/stm32cubeide_1.9.0/stm32cubeide/plugins/com.st.stm32cube.ide.mcu.externaltools.gnu-tools-for-stm32.10.3-2021.10.win32_1.0.0.202111181127/tools/bin/../lib/gcc/arm-none-eabi/10.3.1/../../../../arm-none-eabi/lib/thumb/v7e-m+fp/hard\libc_nano.a(lib_a-init.o)
                0x000000000800c134                __libc_init_array
 .text.memcpy   0x000000000800c17c       0x1c c:/st/stm32cubeide_1.9.0/stm32cubeide/plugins/com.st.stm32cube.ide.mcu.externaltools.gnu-tools-for-stm32.10.3-2021.10.win32_1.0.0.202111181127/tools/bin/../lib/gcc/arm-none-eabi/10.3.1/../../../../arm-none-eabi/lib/thumb/v7e-m+fp/hard\libc_nano.a(lib_a-memcpy-stub.o)
                0x000000000800c17c                memcpy
 .text.memset   0x000000000800c198       0x10 c:/st/stm32cubeide_1.9.0/stm32cubeide/plugins/com.st.stm32cube.ide.mcu.externaltools.gnu-tools-for-stm32.10.3-2021.10.win32_1.0.0.202111181127/tools/bin/../lib/gcc/arm-none-eabi/10.3.1/../../../../arm-none-eabi/lib/thumb/v7e-m+fp/hard\libc_nano.a(lib_a-memset.o)
                0x000000000800c198                memset
 .text.__cvt    0x000000000800c1a8       0xc4 c:/st/stm32cubeide_1.9.0/stm32cubeide/plugins/com.st.stm32cube.ide.mcu.externaltools.gnu-tools-for-stm32.10.3-2021.10.win32_1.0.0.202111181127/tools/bin/../lib/gcc/arm-none-eabi/10.3.1/../../../../arm-none-eabi/lib/thumb/v7e-m+fp/hard\libc_nano.a(lib_a-nano-vfprintf_float.o)
                0x000000000800c1a8                __cvt
 .text.__exponent
                0x000000000800c26c       0x7c c:/st/stm32cubeide_1.9.0/stm32cubeide/plugins/com.st.stm32cube.ide.mcu.externaltools.gnu-tools-for-stm32.10.3-2021.10.win32_1.0.0.202111181127/tools/bin/../lib/gcc/arm-none-eabi/10.3.1/../../../../arm-none-eabi/lib/thumb/v7e-m+fp/hard\libc_nano.a(lib_a-nano-vfprintf_float.o)
                0x000000000800c26c                __exponent
 .text._printf_float
                0x000000000800c2e8      0x46c c:/st/stm32cubeide_1.9.0/stm32cubeide/plugins/com.st.stm32cube.ide.mcu.externaltools.gnu-tools-for-stm32.10.3-2021.10.win32_1.0.0.202111181127/tools/bin/../lib/gcc/arm-none-eabi/10.3.1/../../../../arm-none-eabi/lib/thumb/v7e-m+fp/hard\libc_nano.a(lib_a-nano-vfprintf_float.o)
                0x000000000800c2e8                _printf_float
 .text._printf_common
                0x000000000800c754       0xda c:/st/stm32cubeide_1.9.0/stm32cubeide/plugins/com.st.stm32cube.ide.mcu.externaltools.gnu-tools-for-stm32.10.3-2021.10.win32_1.0.0.202111181127/tools/bin/../lib/gcc/arm-none-eabi/10.3.1/../../../../arm-none-eabi/lib/thumb/v7e-m+fp/hard\libc_nano.a(lib_a-nano-vfprintf_i.o)
                0x000000000800c754                _printf_common
 *fill*         0x000000000800c82e        0x2 
 .text._printf_i
                0x000000000800c830      0x24c c:/st/stm32cubeide_1.9.0/stm32cubeide/plugins/com.st.stm32cube.ide.mcu.externaltools.gnu-tools-for-stm32.10.3-2021.10.win32_1.0.0.202111181127/tools/bin/../lib/gcc/arm-none-eabi/10.3.1/../../../../arm-none-eabi/lib/thumb/v7e-m+fp/hard\libc_nano.a(lib_a-nano-vfprintf_i.o)
                0x000000000800c830                _printf_i
 .text.sprintf  0x000000000800ca7c       0x40 c:/st/stm32cubeide_1.9.0/stm32cubeide/plugins/com.st.stm32cube.ide.mcu.externaltools.gnu-tools-for-stm32.10.3-2021.10.win32_1.0.0.202111181127/tools/bin/../lib/gcc/arm-none-eabi/10.3.1/../../../../arm-none-eabi/lib/thumb/v7e-m+fp/hard\libc_nano.a(lib_a-sprintf.o)
                0x000000000800ca7c                siprintf
                0x000000000800ca7c                sprintf
 .text.quorem   0x000000000800cabc      0x116 c:/st/stm32cubeide_1.9.0/stm32cubeide/plugins/com.st.stm32cube.ide.mcu.externaltools.gnu-tools-for-stm32.10.3-2021.10.win32_1.0.0.202111181127/tools/bin/../lib/gcc/arm-none-eabi/10.3.1/../../../../arm-none-eabi/lib/thumb/v7e-m+fp/hard\libc_nano.a(lib_a-dtoa.o)
 *fill*         0x000000000800cbd2        0x6 
 .text._dtoa_r  0x000000000800cbd8      0xbdc c:/st/stm32cubeide_1.9.0/stm32cubeide/plugins/com.st.stm32cube.ide.mcu.externaltools.gnu-tools-for-stm32.10.3-2021.10.win32_1.0.0.202111181127/tools/bin/../lib/gcc/arm-none-eabi/10.3.1/../../../../arm-none-eabi/lib/thumb/v7e-m+fp/hard\libc_nano.a(lib_a-dtoa.o)
                0x000000000800cbd8                _dtoa_r
 .text._localeconv_r
                0x000000000800d7b4        0x8 c:/st/stm32cubeide_1.9.0/stm32cubeide/plugins/com.st.stm32cube.ide.mcu.externaltools.gnu-tools-for-stm32.10.3-2021.10.win32_1.0.0.202111181127/tools/bin/../lib/gcc/arm-none-eabi/10.3.1/../../../../arm-none-eabi/lib/thumb/v7e-m+fp/hard\libc_nano.a(lib_a-localeconv.o)
                0x000000000800d7b4                _localeconv_r
 .text.malloc   0x000000000800d7bc       0x10 c:/st/stm32cubeide_1.9.0/stm32cubeide/plugins/com.st.stm32cube.ide.mcu.externaltools.gnu-tools-for-stm32.10.3-2021.10.win32_1.0.0.202111181127/tools/bin/../lib/gcc/arm-none-eabi/10.3.1/../../../../arm-none-eabi/lib/thumb/v7e-m+fp/hard\libc_nano.a(lib_a-malloc.o)
                0x000000000800d7bc                malloc
 .text._Balloc  0x000000000800d7cc       0x80 c:/st/stm32cubeide_1.9.0/stm32cubeide/plugins/com.st.stm32cube.ide.mcu.externaltools.gnu-tools-for-stm32.10.3-2021.10.win32_1.0.0.202111181127/tools/bin/../lib/gcc/arm-none-eabi/10.3.1/../../../../arm-none-eabi/lib/thumb/v7e-m+fp/hard\libc_nano.a(lib_a-mprec.o)
                0x000000000800d7cc                _Balloc
 .text._Bfree   0x000000000800d84c       0x44 c:/st/stm32cubeide_1.9.0/stm32cubeide/plugins/com.st.stm32cube.ide.mcu.externaltools.gnu-tools-for-stm32.10.3-2021.10.win32_1.0.0.202111181127/tools/bin/../lib/gcc/arm-none-eabi/10.3.1/../../../../arm-none-eabi/lib/thumb/v7e-m+fp/hard\libc_nano.a(lib_a-mprec.o)
                0x000000000800d84c                _Bfree
 .text.__multadd
                0x000000000800d890       0x8c c:/st/stm32cubeide_1.9.0/stm32cubeide/plugins/com.st.stm32cube.ide.mcu.externaltools.gnu-tools-for-stm32.10.3-2021.10.win32_1.0.0.202111181127/tools/bin/../lib/gcc/arm-none-eabi/10.3.1/../../../../arm-none-eabi/lib/thumb/v7e-m+fp/hard\libc_nano.a(lib_a-mprec.o)
                0x000000000800d890                __multadd
 .text.__hi0bits
                0x000000000800d91c       0x40 c:/st/stm32cubeide_1.9.0/stm32cubeide/plugins/com.st.stm32cube.ide.mcu.externaltools.gnu-tools-for-stm32.10.3-2021.10.win32_1.0.0.202111181127/tools/bin/../lib/gcc/arm-none-eabi/10.3.1/../../../../arm-none-eabi/lib/thumb/v7e-m+fp/hard\libc_nano.a(lib_a-mprec.o)
                0x000000000800d91c                __hi0bits
 .text.__lo0bits
                0x000000000800d95c       0x5e c:/st/stm32cubeide_1.9.0/stm32cubeide/plugins/com.st.stm32cube.ide.mcu.externaltools.gnu-tools-for-stm32.10.3-2021.10.win32_1.0.0.202111181127/tools/bin/../lib/gcc/arm-none-eabi/10.3.1/../../../../arm-none-eabi/lib/thumb/v7e-m+fp/hard\libc_nano.a(lib_a-mprec.o)
                0x000000000800d95c                __lo0bits
 *fill*         0x000000000800d9ba        0x2 
 .text.__i2b    0x000000000800d9bc       0x2c c:/st/stm32cubeide_1.9.0/stm32cubeide/plugins/com.st.stm32cube.ide.mcu.externaltools.gnu-tools-for-stm32.10.3-2021.10.win32_1.0.0.202111181127/tools/bin/../lib/gcc/arm-none-eabi/10.3.1/../../../../arm-none-eabi/lib/thumb/v7e-m+fp/hard\libc_nano.a(lib_a-mprec.o)
                0x000000000800d9bc                __i2b
 .text.__multiply
                0x000000000800d9e8      0x154 c:/st/stm32cubeide_1.9.0/stm32cubeide/plugins/com.st.stm32cube.ide.mcu.externaltools.gnu-tools-for-stm32.10.3-2021.10.win32_1.0.0.202111181127/tools/bin/../lib/gcc/arm-none-eabi/10.3.1/../../../../arm-none-eabi/lib/thumb/v7e-m+fp/hard\libc_nano.a(lib_a-mprec.o)
                0x000000000800d9e8                __multiply
 .text.__pow5mult
                0x000000000800db3c       0xb4 c:/st/stm32cubeide_1.9.0/stm32cubeide/plugins/com.st.stm32cube.ide.mcu.externaltools.gnu-tools-for-stm32.10.3-2021.10.win32_1.0.0.202111181127/tools/bin/../lib/gcc/arm-none-eabi/10.3.1/../../../../arm-none-eabi/lib/thumb/v7e-m+fp/hard\libc_nano.a(lib_a-mprec.o)
                0x000000000800db3c                __pow5mult
 .text.__lshift
                0x000000000800dbf0       0xe0 c:/st/stm32cubeide_1.9.0/stm32cubeide/plugins/com.st.stm32cube.ide.mcu.externaltools.gnu-tools-for-stm32.10.3-2021.10.win32_1.0.0.202111181127/tools/bin/../lib/gcc/arm-none-eabi/10.3.1/../../../../arm-none-eabi/lib/thumb/v7e-m+fp/hard\libc_nano.a(lib_a-mprec.o)
                0x000000000800dbf0                __lshift
 .text.__mcmp   0x000000000800dcd0       0x38 c:/st/stm32cubeide_1.9.0/stm32cubeide/plugins/com.st.stm32cube.ide.mcu.externaltools.gnu-tools-for-stm32.10.3-2021.10.win32_1.0.0.202111181127/tools/bin/../lib/gcc/arm-none-eabi/10.3.1/../../../../arm-none-eabi/lib/thumb/v7e-m+fp/hard\libc_nano.a(lib_a-mprec.o)
                0x000000000800dcd0                __mcmp
 .text.__mdiff  0x000000000800dd08      0x114 c:/st/stm32cubeide_1.9.0/stm32cubeide/plugins/com.st.stm32cube.ide.mcu.externaltools.gnu-tools-for-stm32.10.3-2021.10.win32_1.0.0.202111181127/tools/bin/../lib/gcc/arm-none-eabi/10.3.1/../../../../arm-none-eabi/lib/thumb/v7e-m+fp/hard\libc_nano.a(lib_a-mprec.o)
                0x000000000800dd08                __mdiff
 .text.__d2b    0x000000000800de1c       0xb8 c:/st/stm32cubeide_1.9.0/stm32cubeide/plugins/com.st.stm32cube.ide.mcu.externaltools.gnu-tools-for-stm32.10.3-2021.10.win32_1.0.0.202111181127/tools/bin/../lib/gcc/arm-none-eabi/10.3.1/../../../../arm-none-eabi/lib/thumb/v7e-m+fp/hard\libc_nano.a(lib_a-mprec.o)
                0x000000000800de1c                __d2b
 .text._calloc_r
                0x000000000800ded4       0x2c c:/st/stm32cubeide_1.9.0/stm32cubeide/plugins/com.st.stm32cube.ide.mcu.externaltools.gnu-tools-for-stm32.10.3-2021.10.win32_1.0.0.202111181127/tools/bin/../lib/gcc/arm-none-eabi/10.3.1/../../../../arm-none-eabi/lib/thumb/v7e-m+fp/hard\libc_nano.a(lib_a-nano-callocr.o)
                0x000000000800ded4                _calloc_r
 .text._free_r  0x000000000800df00       0x98 c:/st/stm32cubeide_1.9.0/stm32cubeide/plugins/com.st.stm32cube.ide.mcu.externaltools.gnu-tools-for-stm32.10.3-2021.10.win32_1.0.0.202111181127/tools/bin/../lib/gcc/arm-none-eabi/10.3.1/../../../../arm-none-eabi/lib/thumb/v7e-m+fp/hard\libc_nano.a(lib_a-nano-freer.o)
                0x000000000800df00                _free_r
 .text.sbrk_aligned
                0x000000000800df98       0x40 c:/st/stm32cubeide_1.9.0/stm32cubeide/plugins/com.st.stm32cube.ide.mcu.externaltools.gnu-tools-for-stm32.10.3-2021.10.win32_1.0.0.202111181127/tools/bin/../lib/gcc/arm-none-eabi/10.3.1/../../../../arm-none-eabi/lib/thumb/v7e-m+fp/hard\libc_nano.a(lib_a-nano-mallocr.o)
 .text._malloc_r
                0x000000000800dfd8       0xe8 c:/st/stm32cubeide_1.9.0/stm32cubeide/plugins/com.st.stm32cube.ide.mcu.externaltools.gnu-tools-for-stm32.10.3-2021.10.win32_1.0.0.202111181127/tools/bin/../lib/gcc/arm-none-eabi/10.3.1/../../../../arm-none-eabi/lib/thumb/v7e-m+fp/hard\libc_nano.a(lib_a-nano-mallocr.o)
                0x000000000800dfd8                _malloc_r
 .text.__ssputs_r
                0x000000000800e0c0       0xb6 c:/st/stm32cubeide_1.9.0/stm32cubeide/plugins/com.st.stm32cube.ide.mcu.externaltools.gnu-tools-for-stm32.10.3-2021.10.win32_1.0.0.202111181127/tools/bin/../lib/gcc/arm-none-eabi/10.3.1/../../../../arm-none-eabi/lib/thumb/v7e-m+fp/hard\libc_nano.a(lib_a-nano-svfprintf.o)
                0x000000000800e0c0                __ssputs_r
 *fill*         0x000000000800e176        0x2 
 .text._svfprintf_r
                0x000000000800e178      0x200 c:/st/stm32cubeide_1.9.0/stm32cubeide/plugins/com.st.stm32cube.ide.mcu.externaltools.gnu-tools-for-stm32.10.3-2021.10.win32_1.0.0.202111181127/tools/bin/../lib/gcc/arm-none-eabi/10.3.1/../../../../arm-none-eabi/lib/thumb/v7e-m+fp/hard\libc_nano.a(lib_a-nano-svfprintf.o)
                0x000000000800e178                _svfiprintf_r
                0x000000000800e178                _svfprintf_r
 .text._sbrk_r  0x000000000800e378       0x20 c:/st/stm32cubeide_1.9.0/stm32cubeide/plugins/com.st.stm32cube.ide.mcu.externaltools.gnu-tools-for-stm32.10.3-2021.10.win32_1.0.0.202111181127/tools/bin/../lib/gcc/arm-none-eabi/10.3.1/../../../../arm-none-eabi/lib/thumb/v7e-m+fp/hard\libc_nano.a(lib_a-sbrkr.o)
                0x000000000800e378                _sbrk_r
 .text.__assert_func
                0x000000000800e398       0x3c c:/st/stm32cubeide_1.9.0/stm32cubeide/plugins/com.st.stm32cube.ide.mcu.externaltools.gnu-tools-for-stm32.10.3-2021.10.win32_1.0.0.202111181127/tools/bin/../lib/gcc/arm-none-eabi/10.3.1/../../../../arm-none-eabi/lib/thumb/v7e-m+fp/hard\libc_nano.a(lib_a-assert.o)
                0x000000000800e398                __assert_func
 .text.fprintf  0x000000000800e3d4       0x24 c:/st/stm32cubeide_1.9.0/stm32cubeide/plugins/com.st.stm32cube.ide.mcu.externaltools.gnu-tools-for-stm32.10.3-2021.10.win32_1.0.0.202111181127/tools/bin/../lib/gcc/arm-none-eabi/10.3.1/../../../../arm-none-eabi/lib/thumb/v7e-m+fp/hard\libc_nano.a(lib_a-fprintf.o)
                0x000000000800e3d4                fiprintf
                0x000000000800e3d4                fprintf
 .text.__ascii_mbtowc
                0x000000000800e3f8       0x24 c:/st/stm32cubeide_1.9.0/stm32cubeide/plugins/com.st.stm32cube.ide.mcu.externaltools.gnu-tools-for-stm32.10.3-2021.10.win32_1.0.0.202111181127/tools/bin/../lib/gcc/arm-none-eabi/10.3.1/../../../../arm-none-eabi/lib/thumb/v7e-m+fp/hard\libc_nano.a(lib_a-mbtowc_r.o)
                0x000000000800e3f8                __ascii_mbtowc
 .text.memmove  0x000000000800e41c       0x34 c:/st/stm32cubeide_1.9.0/stm32cubeide/plugins/com.st.stm32cube.ide.mcu.externaltools.gnu-tools-for-stm32.10.3-2021.10.win32_1.0.0.202111181127/tools/bin/../lib/gcc/arm-none-eabi/10.3.1/../../../../arm-none-eabi/lib/thumb/v7e-m+fp/hard\libc_nano.a(lib_a-memmove.o)
                0x000000000800e41c                memmove
 .text.__malloc_lock
                0x000000000800e450        0xc c:/st/stm32cubeide_1.9.0/stm32cubeide/plugins/com.st.stm32cube.ide.mcu.externaltools.gnu-tools-for-stm32.10.3-2021.10.win32_1.0.0.202111181127/tools/bin/../lib/gcc/arm-none-eabi/10.3.1/../../../../arm-none-eabi/lib/thumb/v7e-m+fp/hard\libc_nano.a(lib_a-mlock.o)
                0x000000000800e450                __malloc_lock
 .text.__malloc_unlock
                0x000000000800e45c        0xc c:/st/stm32cubeide_1.9.0/stm32cubeide/plugins/com.st.stm32cube.ide.mcu.externaltools.gnu-tools-for-stm32.10.3-2021.10.win32_1.0.0.202111181127/tools/bin/../lib/gcc/arm-none-eabi/10.3.1/../../../../arm-none-eabi/lib/thumb/v7e-m+fp/hard\libc_nano.a(lib_a-mlock.o)
                0x000000000800e45c                __malloc_unlock
 .text._realloc_r
                0x000000000800e468       0x5e c:/st/stm32cubeide_1.9.0/stm32cubeide/plugins/com.st.stm32cube.ide.mcu.externaltools.gnu-tools-for-stm32.10.3-2021.10.win32_1.0.0.202111181127/tools/bin/../lib/gcc/arm-none-eabi/10.3.1/../../../../arm-none-eabi/lib/thumb/v7e-m+fp/hard\libc_nano.a(lib_a-nano-reallocr.o)
                0x000000000800e468                _realloc_r
 .text.__sfputc_r
                0x000000000800e4c6       0x2e c:/st/stm32cubeide_1.9.0/stm32cubeide/plugins/com.st.stm32cube.ide.mcu.externaltools.gnu-tools-for-stm32.10.3-2021.10.win32_1.0.0.202111181127/tools/bin/../lib/gcc/arm-none-eabi/10.3.1/../../../../arm-none-eabi/lib/thumb/v7e-m+fp/hard\libc_nano.a(lib_a-nano-vfprintf.o)
 .text.__sfputs_r
                0x000000000800e4f4       0x24 c:/st/stm32cubeide_1.9.0/stm32cubeide/plugins/com.st.stm32cube.ide.mcu.externaltools.gnu-tools-for-stm32.10.3-2021.10.win32_1.0.0.202111181127/tools/bin/../lib/gcc/arm-none-eabi/10.3.1/../../../../arm-none-eabi/lib/thumb/v7e-m+fp/hard\libc_nano.a(lib_a-nano-vfprintf.o)
                0x000000000800e4f4                __sfputs_r
 .text._vfprintf_r
                0x000000000800e518      0x260 c:/st/stm32cubeide_1.9.0/stm32cubeide/plugins/com.st.stm32cube.ide.mcu.externaltools.gnu-tools-for-stm32.10.3-2021.10.win32_1.0.0.202111181127/tools/bin/../lib/gcc/arm-none-eabi/10.3.1/../../../../arm-none-eabi/lib/thumb/v7e-m+fp/hard\libc_nano.a(lib_a-nano-vfprintf.o)
                0x000000000800e518                _vfprintf_r
                0x000000000800e518                _vfiprintf_r
 .text.__swbuf_r
                0x000000000800e778       0xa4 c:/st/stm32cubeide_1.9.0/stm32cubeide/plugins/com.st.stm32cube.ide.mcu.externaltools.gnu-tools-for-stm32.10.3-2021.10.win32_1.0.0.202111181127/tools/bin/../lib/gcc/arm-none-eabi/10.3.1/../../../../arm-none-eabi/lib/thumb/v7e-m+fp/hard\libc_nano.a(lib_a-wbuf.o)
                0x000000000800e778                __swbuf_r
 .text.__ascii_wctomb
                0x000000000800e81c       0x1a c:/st/stm32cubeide_1.9.0/stm32cubeide/plugins/com.st.stm32cube.ide.mcu.externaltools.gnu-tools-for-stm32.10.3-2021.10.win32_1.0.0.202111181127/tools/bin/../lib/gcc/arm-none-eabi/10.3.1/../../../../arm-none-eabi/lib/thumb/v7e-m+fp/hard\libc_nano.a(lib_a-wctomb_r.o)
                0x000000000800e81c                __ascii_wctomb
 *fill*         0x000000000800e836        0x2 
 .text.__swsetup_r
                0x000000000800e838       0xdc c:/st/stm32cubeide_1.9.0/stm32cubeide/plugins/com.st.stm32cube.ide.mcu.externaltools.gnu-tools-for-stm32.10.3-2021.10.win32_1.0.0.202111181127/tools/bin/../lib/gcc/arm-none-eabi/10.3.1/../../../../arm-none-eabi/lib/thumb/v7e-m+fp/hard\libc_nano.a(lib_a-wsetup.o)
                0x000000000800e838                __swsetup_r
 .text.abort    0x000000000800e914        0xe c:/st/stm32cubeide_1.9.0/stm32cubeide/plugins/com.st.stm32cube.ide.mcu.externaltools.gnu-tools-for-stm32.10.3-2021.10.win32_1.0.0.202111181127/tools/bin/../lib/gcc/arm-none-eabi/10.3.1/../../../../arm-none-eabi/lib/thumb/v7e-m+fp/hard\libc_nano.a(lib_a-abort.o)
                0x000000000800e914                abort
 *fill*         0x000000000800e922        0x2 
 .text.__sflush_r
                0x000000000800e924      0x10c c:/st/stm32cubeide_1.9.0/stm32cubeide/plugins/com.st.stm32cube.ide.mcu.externaltools.gnu-tools-for-stm32.10.3-2021.10.win32_1.0.0.202111181127/tools/bin/../lib/gcc/arm-none-eabi/10.3.1/../../../../arm-none-eabi/lib/thumb/v7e-m+fp/hard\libc_nano.a(lib_a-fflush.o)
                0x000000000800e924                __sflush_r
 .text._fflush_r
                0x000000000800ea30       0x78 c:/st/stm32cubeide_1.9.0/stm32cubeide/plugins/com.st.stm32cube.ide.mcu.externaltools.gnu-tools-for-stm32.10.3-2021.10.win32_1.0.0.202111181127/tools/bin/../lib/gcc/arm-none-eabi/10.3.1/../../../../arm-none-eabi/lib/thumb/v7e-m+fp/hard\libc_nano.a(lib_a-fflush.o)
                0x000000000800ea30                _fflush_r
 .text.std      0x000000000800eaa8       0x48 c:/st/stm32cubeide_1.9.0/stm32cubeide/plugins/com.st.stm32cube.ide.mcu.externaltools.gnu-tools-for-stm32.10.3-2021.10.win32_1.0.0.202111181127/tools/bin/../lib/gcc/arm-none-eabi/10.3.1/../../../../arm-none-eabi/lib/thumb/v7e-m+fp/hard\libc_nano.a(lib_a-findfp.o)
 .text._cleanup_r
                0x000000000800eaf0        0xc c:/st/stm32cubeide_1.9.0/stm32cubeide/plugins/com.st.stm32cube.ide.mcu.externaltools.gnu-tools-for-stm32.10.3-2021.10.win32_1.0.0.202111181127/tools/bin/../lib/gcc/arm-none-eabi/10.3.1/../../../../arm-none-eabi/lib/thumb/v7e-m+fp/hard\libc_nano.a(lib_a-findfp.o)
                0x000000000800eaf0                _cleanup_r
 .text.__sfmoreglue
                0x000000000800eafc       0x2c c:/st/stm32cubeide_1.9.0/stm32cubeide/plugins/com.st.stm32cube.ide.mcu.externaltools.gnu-tools-for-stm32.10.3-2021.10.win32_1.0.0.202111181127/tools/bin/../lib/gcc/arm-none-eabi/10.3.1/../../../../arm-none-eabi/lib/thumb/v7e-m+fp/hard\libc_nano.a(lib_a-findfp.o)
                0x000000000800eafc                __sfmoreglue
 .text.__sfp_lock_acquire
                0x000000000800eb28        0xc c:/st/stm32cubeide_1.9.0/stm32cubeide/plugins/com.st.stm32cube.ide.mcu.externaltools.gnu-tools-for-stm32.10.3-2021.10.win32_1.0.0.202111181127/tools/bin/../lib/gcc/arm-none-eabi/10.3.1/../../../../arm-none-eabi/lib/thumb/v7e-m+fp/hard\libc_nano.a(lib_a-findfp.o)
                0x000000000800eb28                __sfp_lock_acquire
 .text.__sfp_lock_release
                0x000000000800eb34        0xc c:/st/stm32cubeide_1.9.0/stm32cubeide/plugins/com.st.stm32cube.ide.mcu.externaltools.gnu-tools-for-stm32.10.3-2021.10.win32_1.0.0.202111181127/tools/bin/../lib/gcc/arm-none-eabi/10.3.1/../../../../arm-none-eabi/lib/thumb/v7e-m+fp/hard\libc_nano.a(lib_a-findfp.o)
                0x000000000800eb34                __sfp_lock_release
 .text.__sinit_lock_acquire
                0x000000000800eb40        0xc c:/st/stm32cubeide_1.9.0/stm32cubeide/plugins/com.st.stm32cube.ide.mcu.externaltools.gnu-tools-for-stm32.10.3-2021.10.win32_1.0.0.202111181127/tools/bin/../lib/gcc/arm-none-eabi/10.3.1/../../../../arm-none-eabi/lib/thumb/v7e-m+fp/hard\libc_nano.a(lib_a-findfp.o)
                0x000000000800eb40                __sinit_lock_acquire
 .text.__sinit_lock_release
                0x000000000800eb4c        0xc c:/st/stm32cubeide_1.9.0/stm32cubeide/plugins/com.st.stm32cube.ide.mcu.externaltools.gnu-tools-for-stm32.10.3-2021.10.win32_1.0.0.202111181127/tools/bin/../lib/gcc/arm-none-eabi/10.3.1/../../../../arm-none-eabi/lib/thumb/v7e-m+fp/hard\libc_nano.a(lib_a-findfp.o)
                0x000000000800eb4c                __sinit_lock_release
 .text.__sinit  0x000000000800eb58       0x70 c:/st/stm32cubeide_1.9.0/stm32cubeide/plugins/com.st.stm32cube.ide.mcu.externaltools.gnu-tools-for-stm32.10.3-2021.10.win32_1.0.0.202111181127/tools/bin/../lib/gcc/arm-none-eabi/10.3.1/../../../../arm-none-eabi/lib/thumb/v7e-m+fp/hard\libc_nano.a(lib_a-findfp.o)
                0x000000000800eb58                __sinit
 .text.__sfp    0x000000000800ebc8       0x8c c:/st/stm32cubeide_1.9.0/stm32cubeide/plugins/com.st.stm32cube.ide.mcu.externaltools.gnu-tools-for-stm32.10.3-2021.10.win32_1.0.0.202111181127/tools/bin/../lib/gcc/arm-none-eabi/10.3.1/../../../../arm-none-eabi/lib/thumb/v7e-m+fp/hard\libc_nano.a(lib_a-findfp.o)
                0x000000000800ebc8                __sfp
 .text._fwalk_reent
                0x000000000800ec54       0x3e c:/st/stm32cubeide_1.9.0/stm32cubeide/plugins/com.st.stm32cube.ide.mcu.externaltools.gnu-tools-for-stm32.10.3-2021.10.win32_1.0.0.202111181127/tools/bin/../lib/gcc/arm-none-eabi/10.3.1/../../../../arm-none-eabi/lib/thumb/v7e-m+fp/hard\libc_nano.a(lib_a-fwalk.o)
                0x000000000800ec54                _fwalk_reent
 .text.__retarget_lock_init_recursive
                0x000000000800ec92        0x2 c:/st/stm32cubeide_1.9.0/stm32cubeide/plugins/com.st.stm32cube.ide.mcu.externaltools.gnu-tools-for-stm32.10.3-2021.10.win32_1.0.0.202111181127/tools/bin/../lib/gcc/arm-none-eabi/10.3.1/../../../../arm-none-eabi/lib/thumb/v7e-m+fp/hard\libc_nano.a(lib_a-lock.o)
                0x000000000800ec92                __retarget_lock_init_recursive
 .text.__retarget_lock_acquire_recursive
                0x000000000800ec94        0x2 c:/st/stm32cubeide_1.9.0/stm32cubeide/plugins/com.st.stm32cube.ide.mcu.externaltools.gnu-tools-for-stm32.10.3-2021.10.win32_1.0.0.202111181127/tools/bin/../lib/gcc/arm-none-eabi/10.3.1/../../../../arm-none-eabi/lib/thumb/v7e-m+fp/hard\libc_nano.a(lib_a-lock.o)
                0x000000000800ec94                __retarget_lock_acquire_recursive
 .text.__retarget_lock_release_recursive
                0x000000000800ec96        0x2 c:/st/stm32cubeide_1.9.0/stm32cubeide/plugins/com.st.stm32cube.ide.mcu.externaltools.gnu-tools-for-stm32.10.3-2021.10.win32_1.0.0.202111181127/tools/bin/../lib/gcc/arm-none-eabi/10.3.1/../../../../arm-none-eabi/lib/thumb/v7e-m+fp/hard\libc_nano.a(lib_a-lock.o)
                0x000000000800ec96                __retarget_lock_release_recursive
 .text.__swhatbuf_r
                0x000000000800ec98       0x4a c:/st/stm32cubeide_1.9.0/stm32cubeide/plugins/com.st.stm32cube.ide.mcu.externaltools.gnu-tools-for-stm32.10.3-2021.10.win32_1.0.0.202111181127/tools/bin/../lib/gcc/arm-none-eabi/10.3.1/../../../../arm-none-eabi/lib/thumb/v7e-m+fp/hard\libc_nano.a(lib_a-makebuf.o)
                0x000000000800ec98                __swhatbuf_r
 *fill*         0x000000000800ece2        0x2 
 .text.__smakebuf_r
                0x000000000800ece4       0x80 c:/st/stm32cubeide_1.9.0/stm32cubeide/plugins/com.st.stm32cube.ide.mcu.externaltools.gnu-tools-for-stm32.10.3-2021.10.win32_1.0.0.202111181127/tools/bin/../lib/gcc/arm-none-eabi/10.3.1/../../../../arm-none-eabi/lib/thumb/v7e-m+fp/hard\libc_nano.a(lib_a-makebuf.o)
                0x000000000800ece4                __smakebuf_r
 .text._malloc_usable_size_r
                0x000000000800ed64       0x10 c:/st/stm32cubeide_1.9.0/stm32cubeide/plugins/com.st.stm32cube.ide.mcu.externaltools.gnu-tools-for-stm32.10.3-2021.10.win32_1.0.0.202111181127/tools/bin/../lib/gcc/arm-none-eabi/10.3.1/../../../../arm-none-eabi/lib/thumb/v7e-m+fp/hard\libc_nano.a(lib_a-nano-msizer.o)
                0x000000000800ed64                _malloc_usable_size_r
 .text._raise_r
                0x000000000800ed74       0x50 c:/st/stm32cubeide_1.9.0/stm32cubeide/plugins/com.st.stm32cube.ide.mcu.externaltools.gnu-tools-for-stm32.10.3-2021.10.win32_1.0.0.202111181127/tools/bin/../lib/gcc/arm-none-eabi/10.3.1/../../../../arm-none-eabi/lib/thumb/v7e-m+fp/hard\libc_nano.a(lib_a-signal.o)
                0x000000000800ed74                _raise_r
 .text.raise    0x000000000800edc4       0x10 c:/st/stm32cubeide_1.9.0/stm32cubeide/plugins/com.st.stm32cube.ide.mcu.externaltools.gnu-tools-for-stm32.10.3-2021.10.win32_1.0.0.202111181127/tools/bin/../lib/gcc/arm-none-eabi/10.3.1/../../../../arm-none-eabi/lib/thumb/v7e-m+fp/hard\libc_nano.a(lib_a-signal.o)
                0x000000000800edc4                raise
 .text._kill_r  0x000000000800edd4       0x24 c:/st/stm32cubeide_1.9.0/stm32cubeide/plugins/com.st.stm32cube.ide.mcu.externaltools.gnu-tools-for-stm32.10.3-2021.10.win32_1.0.0.202111181127/tools/bin/../lib/gcc/arm-none-eabi/10.3.1/../../../../arm-none-eabi/lib/thumb/v7e-m+fp/hard\libc_nano.a(lib_a-signalr.o)
                0x000000000800edd4                _kill_r
 .text._getpid_r
                0x000000000800edf8        0x4 c:/st/stm32cubeide_1.9.0/stm32cubeide/plugins/com.st.stm32cube.ide.mcu.externaltools.gnu-tools-for-stm32.10.3-2021.10.win32_1.0.0.202111181127/tools/bin/../lib/gcc/arm-none-eabi/10.3.1/../../../../arm-none-eabi/lib/thumb/v7e-m+fp/hard\libc_nano.a(lib_a-signalr.o)
                0x000000000800edf8                _getpid_r
 .text.__sread  0x000000000800edfc       0x22 c:/st/stm32cubeide_1.9.0/stm32cubeide/plugins/com.st.stm32cube.ide.mcu.externaltools.gnu-tools-for-stm32.10.3-2021.10.win32_1.0.0.202111181127/tools/bin/../lib/gcc/arm-none-eabi/10.3.1/../../../../arm-none-eabi/lib/thumb/v7e-m+fp/hard\libc_nano.a(lib_a-stdio.o)
                0x000000000800edfc                __sread
 .text.__swrite
                0x000000000800ee1e       0x38 c:/st/stm32cubeide_1.9.0/stm32cubeide/plugins/com.st.stm32cube.ide.mcu.externaltools.gnu-tools-for-stm32.10.3-2021.10.win32_1.0.0.202111181127/tools/bin/../lib/gcc/arm-none-eabi/10.3.1/../../../../arm-none-eabi/lib/thumb/v7e-m+fp/hard\libc_nano.a(lib_a-stdio.o)
                0x000000000800ee1e                __swrite
 .text.__sseek  0x000000000800ee56       0x24 c:/st/stm32cubeide_1.9.0/stm32cubeide/plugins/com.st.stm32cube.ide.mcu.externaltools.gnu-tools-for-stm32.10.3-2021.10.win32_1.0.0.202111181127/tools/bin/../lib/gcc/arm-none-eabi/10.3.1/../../../../arm-none-eabi/lib/thumb/v7e-m+fp/hard\libc_nano.a(lib_a-stdio.o)
                0x000000000800ee56                __sseek
 .text.__sclose
                0x000000000800ee7a        0x8 c:/st/stm32cubeide_1.9.0/stm32cubeide/plugins/com.st.stm32cube.ide.mcu.externaltools.gnu-tools-for-stm32.10.3-2021.10.win32_1.0.0.202111181127/tools/bin/../lib/gcc/arm-none-eabi/10.3.1/../../../../arm-none-eabi/lib/thumb/v7e-m+fp/hard\libc_nano.a(lib_a-stdio.o)
                0x000000000800ee7a                __sclose
 *fill*         0x000000000800ee82        0x2 
 .text._write_r
                0x000000000800ee84       0x24 c:/st/stm32cubeide_1.9.0/stm32cubeide/plugins/com.st.stm32cube.ide.mcu.externaltools.gnu-tools-for-stm32.10.3-2021.10.win32_1.0.0.202111181127/tools/bin/../lib/gcc/arm-none-eabi/10.3.1/../../../../arm-none-eabi/lib/thumb/v7e-m+fp/hard\libc_nano.a(lib_a-writer.o)
                0x000000000800ee84                _write_r
 .text._close_r
                0x000000000800eea8       0x20 c:/st/stm32cubeide_1.9.0/stm32cubeide/plugins/com.st.stm32cube.ide.mcu.externaltools.gnu-tools-for-stm32.10.3-2021.10.win32_1.0.0.202111181127/tools/bin/../lib/gcc/arm-none-eabi/10.3.1/../../../../arm-none-eabi/lib/thumb/v7e-m+fp/hard\libc_nano.a(lib_a-closer.o)
                0x000000000800eea8                _close_r
 .text._fstat_r
                0x000000000800eec8       0x24 c:/st/stm32cubeide_1.9.0/stm32cubeide/plugins/com.st.stm32cube.ide.mcu.externaltools.gnu-tools-for-stm32.10.3-2021.10.win32_1.0.0.202111181127/tools/bin/../lib/gcc/arm-none-eabi/10.3.1/../../../../arm-none-eabi/lib/thumb/v7e-m+fp/hard\libc_nano.a(lib_a-fstatr.o)
                0x000000000800eec8                _fstat_r
 .text._isatty_r
                0x000000000800eeec       0x20 c:/st/stm32cubeide_1.9.0/stm32cubeide/plugins/com.st.stm32cube.ide.mcu.externaltools.gnu-tools-for-stm32.10.3-2021.10.win32_1.0.0.202111181127/tools/bin/../lib/gcc/arm-none-eabi/10.3.1/../../../../arm-none-eabi/lib/thumb/v7e-m+fp/hard\libc_nano.a(lib_a-isattyr.o)
                0x000000000800eeec                _isatty_r
 .text._lseek_r
                0x000000000800ef0c       0x24 c:/st/stm32cubeide_1.9.0/stm32cubeide/plugins/com.st.stm32cube.ide.mcu.externaltools.gnu-tools-for-stm32.10.3-2021.10.win32_1.0.0.202111181127/tools/bin/../lib/gcc/arm-none-eabi/10.3.1/../../../../arm-none-eabi/lib/thumb/v7e-m+fp/hard\libc_nano.a(lib_a-lseekr.o)
                0x000000000800ef0c                _lseek_r
 .text._read_r  0x000000000800ef30       0x24 c:/st/stm32cubeide_1.9.0/stm32cubeide/plugins/com.st.stm32cube.ide.mcu.externaltools.gnu-tools-for-stm32.10.3-2021.10.win32_1.0.0.202111181127/tools/bin/../lib/gcc/arm-none-eabi/10.3.1/../../../../arm-none-eabi/lib/thumb/v7e-m+fp/hard\libc_nano.a(lib_a-readr.o)
                0x000000000800ef30                _read_r
 *(.glue_7)
 .glue_7        0x000000000800ef54        0x0 linker stubs
 *(.glue_7t)
 .glue_7t       0x000000000800ef54        0x0 linker stubs
 *(.eh_frame)
 .eh_frame      0x000000000800ef54        0x0 c:/st/stm32cubeide_1.9.0/stm32cubeide/plugins/com.st.stm32cube.ide.mcu.externaltools.gnu-tools-for-stm32.10.3-2021.10.win32_1.0.0.202111181127/tools/bin/../lib/gcc/arm-none-eabi/10.3.1/thumb/v7e-m+fp/hard/crtbegin.o
 *(.init)
 .init          0x000000000800ef54        0x4 c:/st/stm32cubeide_1.9.0/stm32cubeide/plugins/com.st.stm32cube.ide.mcu.externaltools.gnu-tools-for-stm32.10.3-2021.10.win32_1.0.0.202111181127/tools/bin/../lib/gcc/arm-none-eabi/10.3.1/thumb/v7e-m+fp/hard/crti.o
                0x000000000800ef54                _init
 .init          0x000000000800ef58        0x8 c:/st/stm32cubeide_1.9.0/stm32cubeide/plugins/com.st.stm32cube.ide.mcu.externaltools.gnu-tools-for-stm32.10.3-2021.10.win32_1.0.0.202111181127/tools/bin/../lib/gcc/arm-none-eabi/10.3.1/thumb/v7e-m+fp/hard/crtn.o
 *(.fini)
 .fini          0x000000000800ef60        0x4 c:/st/stm32cubeide_1.9.0/stm32cubeide/plugins/com.st.stm32cube.ide.mcu.externaltools.gnu-tools-for-stm32.10.3-2021.10.win32_1.0.0.202111181127/tools/bin/../lib/gcc/arm-none-eabi/10.3.1/thumb/v7e-m+fp/hard/crti.o
                0x000000000800ef60                _fini
 .fini          0x000000000800ef64        0x8 c:/st/stm32cubeide_1.9.0/stm32cubeide/plugins/com.st.stm32cube.ide.mcu.externaltools.gnu-tools-for-stm32.10.3-2021.10.win32_1.0.0.202111181127/tools/bin/../lib/gcc/arm-none-eabi/10.3.1/thumb/v7e-m+fp/hard/crtn.o
                0x000000000800ef6c                . = ALIGN (0x4)
                0x000000000800ef6c                _etext = .

.vfp11_veneer   0x000000000800ef6c        0x0
 .vfp11_veneer  0x000000000800ef6c        0x0 linker stubs

.v4_bx          0x000000000800ef6c        0x0
 .v4_bx         0x000000000800ef6c        0x0 linker stubs

.iplt           0x000000000800ef6c        0x0
 .iplt          0x000000000800ef6c        0x0 c:/st/stm32cubeide_1.9.0/stm32cubeide/plugins/com.st.stm32cube.ide.mcu.externaltools.gnu-tools-for-stm32.10.3-2021.10.win32_1.0.0.202111181127/tools/bin/../lib/gcc/arm-none-eabi/10.3.1/thumb/v7e-m+fp/hard/crtbegin.o

.rodata         0x000000000800ef70     0x31f4
                0x000000000800ef70                . = ALIGN (0x4)
 *(.rodata)
 .rodata        0x000000000800ef70        0x3 ./Core/Src/button_press_check.o
 *fill*         0x000000000800ef73        0x1 
 .rodata        0x000000000800ef74       0x21 ./Core/Src/gas_sensor.o
 *fill*         0x000000000800ef95        0x3 
 .rodata        0x000000000800ef98       0xf6 ./Core/Src/windows_drawer.o
 *fill*         0x000000000800f08e        0x2 
 .rodata        0x000000000800f090       0x31 ./Modules/LCD/ili9488.o
 *(.rodata*)
 *fill*         0x000000000800f0c1        0x3 
 .rodata.table.0
                0x000000000800f0c4        0x4 ./Core/Src/sensors_in.o
 .rodata.AHBPrescTable
                0x000000000800f0c8       0x10 ./Core/Src/system_stm32f3xx.o
                0x000000000800f0c8                AHBPrescTable
 .rodata.APBPrescTable
                0x000000000800f0d8        0x8 ./Core/Src/system_stm32f3xx.o
                0x000000000800f0d8                APBPrescTable
 .rodata.aPLLMULFactorTable
                0x000000000800f0e0       0x10 ./Drivers/STM32F3xx_HAL_Driver/Src/stm32f3xx_hal_rcc.o
 .rodata.aPredivFactorTable
                0x000000000800f0f0       0x10 ./Drivers/STM32F3xx_HAL_Driver/Src/stm32f3xx_hal_rcc.o
 .rodata.Font20_Table_rus
                0x000000000800f100      0xedc ./Modules/LCD/Fonts/font20_rus.o
                0x000000000800f100                Font20_Table_rus
 .rodata.Font24_Table
                0x000000000800ffdc     0x1ab8 ./Modules/LCD/Fonts/font24.o
                0x000000000800ffdc                Font24_Table
 .rodata.Font8_Table
                0x0000000008011a94      0x2f8 ./Modules/LCD/Fonts/font8.o
                0x0000000008011a94                Font8_Table
 .rodata._global_impure_ptr
                0x0000000008011d8c        0x4 c:/st/stm32cubeide_1.9.0/stm32cubeide/plugins/com.st.stm32cube.ide.mcu.externaltools.gnu-tools-for-stm32.10.3-2021.10.win32_1.0.0.202111181127/tools/bin/../lib/gcc/arm-none-eabi/10.3.1/../../../../arm-none-eabi/lib/thumb/v7e-m+fp/hard\libc_nano.a(lib_a-impure.o)
                0x0000000008011d8c                _global_impure_ptr
 .rodata._printf_float.str1.1
                0x0000000008011d90       0x12 c:/st/stm32cubeide_1.9.0/stm32cubeide/plugins/com.st.stm32cube.ide.mcu.externaltools.gnu-tools-for-stm32.10.3-2021.10.win32_1.0.0.202111181127/tools/bin/../lib/gcc/arm-none-eabi/10.3.1/../../../../arm-none-eabi/lib/thumb/v7e-m+fp/hard\libc_nano.a(lib_a-nano-vfprintf_float.o)
 .rodata._printf_i.str1.1
                0x0000000008011da2       0x22 c:/st/stm32cubeide_1.9.0/stm32cubeide/plugins/com.st.stm32cube.ide.mcu.externaltools.gnu-tools-for-stm32.10.3-2021.10.win32_1.0.0.202111181127/tools/bin/../lib/gcc/arm-none-eabi/10.3.1/../../../../arm-none-eabi/lib/thumb/v7e-m+fp/hard\libc_nano.a(lib_a-nano-vfprintf_i.o)
 .rodata._dtoa_r.str1.1
                0x0000000008011dc4       0x90 c:/st/stm32cubeide_1.9.0/stm32cubeide/plugins/com.st.stm32cube.ide.mcu.externaltools.gnu-tools-for-stm32.10.3-2021.10.win32_1.0.0.202111181127/tools/bin/../lib/gcc/arm-none-eabi/10.3.1/../../../../arm-none-eabi/lib/thumb/v7e-m+fp/hard\libc_nano.a(lib_a-dtoa.o)
                                         0x92 (size before relaxing)
 .rodata._Balloc.str1.1
                0x0000000008011e54       0x5c c:/st/stm32cubeide_1.9.0/stm32cubeide/plugins/com.st.stm32cube.ide.mcu.externaltools.gnu-tools-for-stm32.10.3-2021.10.win32_1.0.0.202111181127/tools/bin/../lib/gcc/arm-none-eabi/10.3.1/../../../../arm-none-eabi/lib/thumb/v7e-m+fp/hard\libc_nano.a(lib_a-mprec.o)
                                         0x73 (size before relaxing)
 .rodata.__multadd.str1.1
                0x0000000008011eb0       0x11 c:/st/stm32cubeide_1.9.0/stm32cubeide/plugins/com.st.stm32cube.ide.mcu.externaltools.gnu-tools-for-stm32.10.3-2021.10.win32_1.0.0.202111181127/tools/bin/../lib/gcc/arm-none-eabi/10.3.1/../../../../arm-none-eabi/lib/thumb/v7e-m+fp/hard\libc_nano.a(lib_a-mprec.o)
 .rodata.__mprec_bigtens
                0x0000000008011eb0       0x28 c:/st/stm32cubeide_1.9.0/stm32cubeide/plugins/com.st.stm32cube.ide.mcu.externaltools.gnu-tools-for-stm32.10.3-2021.10.win32_1.0.0.202111181127/tools/bin/../lib/gcc/arm-none-eabi/10.3.1/../../../../arm-none-eabi/lib/thumb/v7e-m+fp/hard\libc_nano.a(lib_a-mprec.o)
                0x0000000008011eb0                __mprec_bigtens
 .rodata.__mprec_tens