../Core/Src/main.c:119:5:main	144	static
../Core/Src/main.c:298:6:SystemClock_Config	128	static
../Core/Src/main.c:344:13:MX_ADC1_Init	64	static
../Core/Src/main.c:427:13:MX_I2C1_Init	8	static
../Core/Src/main.c:472:13:MX_SPI1_Init	8	static
../Core/Src/main.c:510:13:MX_SPI2_Init	8	static
../Core/Src/main.c:548:13:MX_TIM3_Init	48	static
../Core/Src/main.c:595:13:MX_TIM6_Init	24	static
../Core/Src/main.c:631:13:MX_TIM7_Init	24	static
../Core/Src/main.c:667:13:MX_TIM8_Init	96	static
../Core/Src/main.c:735:13:MX_TIM15_Init	40	static
../Core/Src/main.c:778:13:MX_USART2_UART_Init	8	static
../Core/Src/main.c:811:13:MX_GPIO_Init	48	static
../Core/Src/main.c:886:6:HAL_TIM_PeriodElapsedCallback	16	static
../Core/Src/main.c:927:6:Error_Handler	4	static,ignoring_inline_asm
