../Core/Src/stm32f3xx_it.c:75:6:NMI_Handler	4	static
../Core/Src/stm32f3xx_it.c:88:6:HardFault_Handler	4	static
../Core/Src/stm32f3xx_it.c:101:6:MemManage_Handler	4	static
../Core/Src/stm32f3xx_it.c:114:6:BusFault_Handler	4	static
../Core/Src/stm32f3xx_it.c:127:6:UsageFault_Handler	4	static
../Core/Src/stm32f3xx_it.c:140:6:SVC_Handler	4	static
../Core/Src/stm32f3xx_it.c:152:6:DebugMon_Handler	4	static
../Core/Src/stm32f3xx_it.c:164:6:PendSV_Handler	4	static
../Core/Src/stm32f3xx_it.c:176:6:SysTick_Handler	8	static
../Core/Src/stm32f3xx_it.c:196:6:TIM1_BRK_TIM15_IRQHandler	8	static
../Core/Src/stm32f3xx_it.c:209:6:TIM3_IRQHandler	8	static
../Core/Src/stm32f3xx_it.c:222:6:I2C1_EV_IRQHandler	8	static
../Core/Src/stm32f3xx_it.c:235:6:I2C1_ER_IRQHandler	8	static
../Core/Src/stm32f3xx_it.c:248:6:SPI1_IRQHandler	8	static
../Core/Src/stm32f3xx_it.c:261:6:USART2_IRQHandler	8	static
../Core/Src/stm32f3xx_it.c:274:6:TIM6_DAC_IRQHandler	8	static
../Core/Src/stm32f3xx_it.c:287:6:TIM7_IRQHandler	8	static
