../Drivers/CMSIS/Include/core_cm4.h:1688:22:__NVIC_EnableIRQ	16	static
../Drivers/CMSIS/Include/core_cm4.h:1816:22:__NVIC_SetPriority	16	static
../Modules/LCD/lcd_io_spi.c:486:13:LcdWrite8	16	static
../Modules/LCD/lcd_io_spi.c:495:16:LcdRead8	16	static
../Modules/LCD/lcd_io_spi.c:506:13:LcdCmdWrite8	16	static
../Modules/LCD/lcd_io_spi.c:517:13:LcdWrite16	16	static
../Modules/LCD/lcd_io_spi.c:526:17:LcdRead16	16	static
../Modules/LCD/lcd_io_spi.c:537:13:LcdCmdWrite16	16	static
../Modules/LCD/lcd_io_spi.c:564:13:WaitForDmaEnd	4	static
../Modules/LCD/lcd_io_spi.c:627:6:DMA1_Channel3_IRQHandler	8	static
../Modules/LCD/lcd_io_spi.c:656:6:LCD_IO_WriteMultiData	24	static
../Modules/LCD/lcd_io_spi.c:672:6:LCD_IO_WriteMultiData8	32	static
../Modules/LCD/lcd_io_spi.c:719:6:LCD_IO_WriteMultiData16	32	static
../Modules/LCD/lcd_io_spi.c:1003:6:LCD_IO_Delay	16	static
../Modules/LCD/lcd_io_spi.c:1016:6:LCD_Delay	16	static
../Modules/LCD/lcd_io_spi.c:1022:6:LCD_IO_Bl_OnOff	16	static
../Modules/LCD/lcd_io_spi.c:1041:6:LCD_IO_Init	8	static
../Modules/LCD/lcd_io_spi.c:1173:6:LCD_IO_WriteCmd8	16	static
../Modules/LCD/lcd_io_spi.c:1183:6:LCD_IO_WriteCmd16	16	static
../Modules/LCD/lcd_io_spi.c:1193:6:LCD_IO_WriteData8	16	static
../Modules/LCD/lcd_io_spi.c:1203:6:LCD_IO_WriteData16	16	static
../Modules/LCD/lcd_io_spi.c:1213:6:LCD_IO_WriteCmd8DataFill16	16	static
../Modules/LCD/lcd_io_spi.c:1224:6:LCD_IO_WriteCmd8MultipleData8	24	static
../Modules/LCD/lcd_io_spi.c:1234:6:LCD_IO_WriteCmd8MultipleData16	24	static
../Modules/LCD/lcd_io_spi.c:1245:6:LCD_IO_WriteCmd16DataFill16	16	static
../Modules/LCD/lcd_io_spi.c:1255:6:LCD_IO_WriteCmd16MultipleData8	24	static
../Modules/LCD/lcd_io_spi.c:1266:6:LCD_IO_WriteCmd16MultipleData16	24	static
../Modules/LCD/lcd_io_spi.c:1276:13:LCD_IO_ReadCmd8MultipleData8	24	static
../Modules/LCD/lcd_io_spi.c:1277:13:LCD_IO_ReadCmd8MultipleData16	24	static
../Modules/LCD/lcd_io_spi.c:1278:13:LCD_IO_ReadCmd8MultipleData24to16	24	static
../Modules/LCD/lcd_io_spi.c:1279:13:LCD_IO_ReadCmd16MultipleData8	24	static
../Modules/LCD/lcd_io_spi.c:1280:13:LCD_IO_ReadCmd16MultipleData16	24	static
../Modules/LCD/lcd_io_spi.c:1281:13:LCD_IO_ReadCmd16MultipleData24to16	24	static
