../Modules/LCD/stm32_adafruit_lcd.c:120:9:BSP_LCD_Init	16	static
../Modules/LCD/stm32_adafruit_lcd.c:147:10:BSP_LCD_GetXSize	8	static
../Modules/LCD/stm32_adafruit_lcd.c:157:10:BSP_LCD_GetYSize	8	static
../Modules/LCD/stm32_adafruit_lcd.c:167:10:BSP_LCD_GetTextColor	4	static
../Modules/LCD/stm32_adafruit_lcd.c:177:10:BSP_LCD_GetBackColor	4	static
../Modules/LCD/stm32_adafruit_lcd.c:187:6:BSP_LCD_SetTextColor	16	static
../Modules/LCD/stm32_adafruit_lcd.c:197:6:BSP_LCD_SetBackColor	16	static
../Modules/LCD/stm32_adafruit_lcd.c:207:6:BSP_LCD_SetFont	16	static
../Modules/LCD/stm32_adafruit_lcd.c:217:8:BSP_LCD_GetFont	4	static
../Modules/LCD/stm32_adafruit_lcd.c:227:6:BSP_LCD_Clear	32	static
../Modules/LCD/stm32_adafruit_lcd.c:241:6:BSP_LCD_ClearStringLine	32	static
../Modules/LCD/stm32_adafruit_lcd.c:261:6:BSP_LCD_DisplayChar	16	static
../Modules/LCD/stm32_adafruit_lcd.c:284:6:BSP_LCD_DisplayStringAt	48	static
../Modules/LCD/stm32_adafruit_lcd.c:345:6:BSP_LCD_DisplayStringAtLine	16	static
../Modules/LCD/stm32_adafruit_lcd.c:357:6:BSP_LCD_DrawPixel	16	static
../Modules/LCD/stm32_adafruit_lcd.c:372:6:BSP_LCD_DrawHLine	32	static
../Modules/LCD/stm32_adafruit_lcd.c:396:6:BSP_LCD_DrawVLine	32	static
../Modules/LCD/stm32_adafruit_lcd.c:421:6:BSP_LCD_DrawLine	56	static
../Modules/LCD/stm32_adafruit_lcd.c:496:6:BSP_LCD_DrawRect	24	static
../Modules/LCD/stm32_adafruit_lcd.c:514:6:BSP_LCD_DrawCircle	32	static
../Modules/LCD/stm32_adafruit_lcd.c:554:6:BSP_LCD_DrawPolygon	32	static
../Modules/LCD/stm32_adafruit_lcd.c:582:6:BSP_LCD_DrawEllipse	56	static
../Modules/LCD/stm32_adafruit_lcd.c:615:6:BSP_LCD_DrawBitmap	32	static
../Modules/LCD/stm32_adafruit_lcd.c:643:6:BSP_LCD_FillRect	32	static
../Modules/LCD/stm32_adafruit_lcd.c:655:6:BSP_LCD_FillCircle	32	static
../Modules/LCD/stm32_adafruit_lcd.c:702:6:BSP_LCD_FillPolygon	64	static
../Modules/LCD/stm32_adafruit_lcd.c:770:6:BSP_LCD_FillEllipse	56	static
../Modules/LCD/stm32_adafruit_lcd.c:801:6:BSP_LCD_DisplayOn	8	static
../Modules/LCD/stm32_adafruit_lcd.c:811:6:BSP_LCD_DisplayOff	8	static
../Modules/LCD/stm32_adafruit_lcd.c:827:13:DrawChar	48	static
../Modules/LCD/stm32_adafruit_lcd.c:899:6:BSP_LCD_FillTriangle	72	static
../Modules/LCD/stm32_adafruit_lcd.c:988:13:SetDisplayWindow	24	static
../Modules/LCD/stm32_adafruit_lcd.c:1001:10:BSP_LCD_ReadID	8	static
../Modules/LCD/stm32_adafruit_lcd.c:1015:10:BSP_LCD_ReadPixel	16	static
../Modules/LCD/stm32_adafruit_lcd.c:1032:6:BSP_LCD_DrawRGB16Image	32	static
../Modules/LCD/stm32_adafruit_lcd.c:1046:6:BSP_LCD_ReadRGB16Image	32	static
../Modules/LCD/stm32_adafruit_lcd.c:1058:6:BSP_LCD_Scroll	16	static
